Archive member included to satisfy reference by file (symbol)

C:/ProgramData/MATLAB/SupportPackages/R2024b/3P.instrset/gnuarm-armcortex.instrset/win/bin/../lib/gcc/arm-none-eabi/13.2.1/thumb/v7e-m+fp/hard\libm.a(libm_a-w_fmod.o)
                              MicroMouseTemplate.o (fmod)
C:/ProgramData/MATLAB/SupportPackages/R2024b/3P.instrset/gnuarm-armcortex.instrset/win/bin/../lib/gcc/arm-none-eabi/13.2.1/thumb/v7e-m+fp/hard\libm.a(libm_a-s_floor.o)
                              MicroMouseTemplate.o (floor)
C:/ProgramData/MATLAB/SupportPackages/R2024b/3P.instrset/gnuarm-armcortex.instrset/win/bin/../lib/gcc/arm-none-eabi/13.2.1/thumb/v7e-m+fp/hard\libm.a(libm_a-e_fmod.o)
                              C:/ProgramData/MATLAB/SupportPackages/R2024b/3P.instrset/gnuarm-armcortex.instrset/win/bin/../lib/gcc/arm-none-eabi/13.2.1/thumb/v7e-m+fp/hard\libm.a(libm_a-w_fmod.o) (__ieee754_fmod)
C:/ProgramData/MATLAB/SupportPackages/R2024b/3P.instrset/gnuarm-armcortex.instrset/win/bin/../lib/gcc/arm-none-eabi/13.2.1/thumb/v7e-m+fp/hard\libgcc.a(_arm_muldf3.o)
                              C:/ProgramData/MATLAB/SupportPackages/R2024b/3P.instrset/gnuarm-armcortex.instrset/win/bin/../lib/gcc/arm-none-eabi/13.2.1/thumb/v7e-m+fp/hard\libm.a(libm_a-e_fmod.o) (__aeabi_dmul)
C:/ProgramData/MATLAB/SupportPackages/R2024b/3P.instrset/gnuarm-armcortex.instrset/win/bin/../lib/gcc/arm-none-eabi/13.2.1/thumb/v7e-m+fp/hard\libgcc.a(_arm_addsubdf3.o)
                              MicroMouseTemplate.o (__aeabi_dsub)
C:/ProgramData/MATLAB/SupportPackages/R2024b/3P.instrset/gnuarm-armcortex.instrset/win/bin/../lib/gcc/arm-none-eabi/13.2.1/thumb/v7e-m+fp/hard\libgcc.a(_arm_muldivdf3.o)
                              C:/ProgramData/MATLAB/SupportPackages/R2024b/3P.instrset/gnuarm-armcortex.instrset/win/bin/../lib/gcc/arm-none-eabi/13.2.1/thumb/v7e-m+fp/hard\libm.a(libm_a-w_fmod.o) (__aeabi_ddiv)
C:/ProgramData/MATLAB/SupportPackages/R2024b/3P.instrset/gnuarm-armcortex.instrset/win/bin/../lib/gcc/arm-none-eabi/13.2.1/thumb/v7e-m+fp/hard\libgcc.a(_arm_cmpdf2.o)
                              MicroMouseTemplate.o (__aeabi_dcmpeq)
C:/ProgramData/MATLAB/SupportPackages/R2024b/3P.instrset/gnuarm-armcortex.instrset/win/bin/../lib/gcc/arm-none-eabi/13.2.1/thumb/v7e-m+fp/hard\libgcc.a(_arm_unorddf2.o)
                              C:/ProgramData/MATLAB/SupportPackages/R2024b/3P.instrset/gnuarm-armcortex.instrset/win/bin/../lib/gcc/arm-none-eabi/13.2.1/thumb/v7e-m+fp/hard\libm.a(libm_a-w_fmod.o) (__aeabi_dcmpun)
C:/ProgramData/MATLAB/SupportPackages/R2024b/3P.instrset/gnuarm-armcortex.instrset/win/bin/../lib/gcc/arm-none-eabi/13.2.1/thumb/v7e-m+fp/hard\libgcc.a(_arm_fixunsdfsi.o)
                              MicroMouseTemplate.o (__aeabi_d2uiz)
C:/ProgramData/MATLAB/SupportPackages/R2024b/3P.instrset/gnuarm-armcortex.instrset/win/bin/../lib/gcc/arm-none-eabi/13.2.1/thumb/v7e-m+fp/hard\libc_nano.a(libc_a-exit.o)
                              C:/ProgramData/MATLAB/SupportPackages/R2024b/3P.instrset/gnuarm-armcortex.instrset/win/bin/../lib/gcc/arm-none-eabi/13.2.1/thumb/v7e-m+fp/hard/crt0.o (exit)
C:/ProgramData/MATLAB/SupportPackages/R2024b/3P.instrset/gnuarm-armcortex.instrset/win/bin/../lib/gcc/arm-none-eabi/13.2.1/thumb/v7e-m+fp/hard\libc_nano.a(libc_a-findfp.o)
                              C:/ProgramData/MATLAB/SupportPackages/R2024b/3P.instrset/gnuarm-armcortex.instrset/win/bin/../lib/gcc/arm-none-eabi/13.2.1/thumb/v7e-m+fp/hard\libc_nano.a(libc_a-exit.o) (__stdio_exit_handler)
C:/ProgramData/MATLAB/SupportPackages/R2024b/3P.instrset/gnuarm-armcortex.instrset/win/bin/../lib/gcc/arm-none-eabi/13.2.1/thumb/v7e-m+fp/hard\libc_nano.a(libc_a-fwalk.o)
                              C:/ProgramData/MATLAB/SupportPackages/R2024b/3P.instrset/gnuarm-armcortex.instrset/win/bin/../lib/gcc/arm-none-eabi/13.2.1/thumb/v7e-m+fp/hard\libc_nano.a(libc_a-findfp.o) (_fwalk_sglue)
C:/ProgramData/MATLAB/SupportPackages/R2024b/3P.instrset/gnuarm-armcortex.instrset/win/bin/../lib/gcc/arm-none-eabi/13.2.1/thumb/v7e-m+fp/hard\libc_nano.a(libc_a-stdio.o)
                              C:/ProgramData/MATLAB/SupportPackages/R2024b/3P.instrset/gnuarm-armcortex.instrset/win/bin/../lib/gcc/arm-none-eabi/13.2.1/thumb/v7e-m+fp/hard\libc_nano.a(libc_a-findfp.o) (__sread)
C:/ProgramData/MATLAB/SupportPackages/R2024b/3P.instrset/gnuarm-armcortex.instrset/win/bin/../lib/gcc/arm-none-eabi/13.2.1/thumb/v7e-m+fp/hard\libc_nano.a(libc_a-memset.o)
                              C:/ProgramData/MATLAB/SupportPackages/R2024b/3P.instrset/gnuarm-armcortex.instrset/win/bin/../lib/gcc/arm-none-eabi/13.2.1/thumb/v7e-m+fp/hard/crt0.o (memset)
C:/ProgramData/MATLAB/SupportPackages/R2024b/3P.instrset/gnuarm-armcortex.instrset/win/bin/../lib/gcc/arm-none-eabi/13.2.1/thumb/v7e-m+fp/hard\libc_nano.a(libc_a-closer.o)
[...]
Memory Configuration

Name             Origin             Length             Attributes
RAM              0x20000000         0x00018000         xrw
RAM2             0x10000000         0x00008000         xrw
FLASH            0x08000000         0x00080000         xr
*default*        0x00000000         0xffffffff

Linker script and memory map

LOAD C:/ProgramData/MATLAB/SupportPackages/R2024b/3P.instrset/gnuarm-armcortex.instrset/win/bin/../lib/gcc/arm-none-eabi/13.2.1/thumb/v7e-m+fp/hard/crti.o
LOAD C:/ProgramData/MATLAB/SupportPackages/R2024b/3P.instrset/gnuarm-armcortex.instrset/win/bin/../lib/gcc/arm-none-eabi/13.2.1/thumb/v7e-m+fp/hard/crtbegin.o
LOAD C:/ProgramData/MATLAB/SupportPackages/R2024b/3P.instrset/gnuarm-armcortex.instrset/win/bin/../lib/gcc/arm-none-eabi/13.2.1/thumb/v7e-m+fp/hard/crt0.o
LOAD stm_timer_ll.o
LOAD stm_adc_ll.o
LOAD MicroMouseTemplate.o
LOAD MicroMouseTemplate_data.o
LOAD ert_main.o
LOAD IMU.o
LOAD CustomWhile.o
LOAD Motors.o
LOAD overrideHALDelay.o
LOAD platform_timer.o
LOAD SysTickScheduler.o
LOAD m3m4m4f_multitasking.o
LOAD main.o
LOAD gpio.o
LOAD adc.o
LOAD dma.o
LOAD i2c.o
LOAD tim.o
LOAD usart.o
LOAD usb_device.o
LOAD usbd_conf.o
LOAD usbd_desc.o
LOAD usbd_cdc_if.o
LOAD stm32l4xx_it.o
LOAD stm32l4xx_hal_msp.o
LOAD stm32l4xx_hal_timebase_tim.o
LOAD stm32l4xx_ll_utils.o
LOAD stm32l4xx_ll_exti.o
LOAD stm32l4xx_ll_gpio.o
LOAD stm32l4xx_hal_pcd.o
LOAD stm32l4xx_hal_pcd_ex.o
LOAD stm32l4xx_ll_usb.o
LOAD stm32l4xx_hal.o
LOAD stm32l4xx_hal_rcc.o
LOAD stm32l4xx_hal_rcc_ex.o
LOAD stm32l4xx_hal_flash.o
LOAD stm32l4xx_hal_flash_ex.o
LOAD stm32l4xx_hal_flash_ramfunc.o
LOAD stm32l4xx_hal_gpio.o
LOAD stm32l4xx_hal_i2c.o
LOAD stm32l4xx_hal_i2c_ex.o
LOAD stm32l4xx_hal_dma.o
LOAD stm32l4xx_hal_dma_ex.o
LOAD stm32l4xx_hal_pwr.o
LOAD stm32l4xx_hal_pwr_ex.o
LOAD stm32l4xx_hal_cortex.o
LOAD stm32l4xx_hal_exti.o
LOAD stm32l4xx_ll_adc.o
LOAD stm32l4xx_ll_dma.o
LOAD stm32l4xx_hal_tim.o
LOAD stm32l4xx_hal_tim_ex.o
LOAD stm32l4xx_ll_tim.o
LOAD stm32l4xx_ll_usart.o
LOAD stm32l4xx_ll_rcc.o
LOAD usbd_core.o
LOAD usbd_ctlreq.o
LOAD usbd_ioreq.o
LOAD usbd_cdc.o
LOAD system_stm32l4xx.o
LOAD syscalls.o
LOAD sysmem.o
LOAD startup_stm32l476vetx.o
LOAD code_profiling_utility_functions.o
LOAD C:/ProgramData/MATLAB/SupportPackages/R2024b/3P.instrset/cmsis_dsp.instrset/Lib/GCC/arm_cortexm4ldfsp_math/libCMSISDSP.a
LOAD C:/ProgramData/MATLAB/SupportPackages/R2024b/3P.instrset/gnuarm-armcortex.instrset/win/bin/../lib/gcc/arm-none-eabi/13.2.1/thumb/v7e-m+fp/hard\libstdc++_nano.a
LOAD C:/ProgramData/MATLAB/SupportPackages/R2024b/3P.instrset/gnuarm-armcortex.instrset/win/bin/../lib/gcc/arm-none-eabi/13.2.1/thumb/v7e-m+fp/hard\libm.a
START GROUP
LOAD C:/ProgramData/MATLAB/SupportPackages/R2024b/3P.instrset/gnuarm-armcortex.instrset/win/bin/../lib/gcc/arm-none-eabi/13.2.1/thumb/v7e-m+fp/hard\libgcc.a
LOAD C:/ProgramData/MATLAB/SupportPackages/R2024b/3P.instrset/gnuarm-armcortex.instrset/win/bin/../lib/gcc/arm-none-eabi/13.2.1/thumb/v7e-m+fp/hard\libc_nano.a
END GROUP
START GROUP
LOAD C:/ProgramData/MATLAB/SupportPackages/R2024b/3P.instrset/gnuarm-armcortex.instrset/win/bin/../lib/gcc/arm-none-eabi/13.2.1/thumb/v7e-m+fp/hard\libgcc.a
LOAD C:/ProgramData/MATLAB/SupportPackages/R2024b/3P.instrset/gnuarm-armcortex.instrset/win/bin/../lib/gcc/arm-none-eabi/13.2.1/thumb/v7e-m+fp/hard\libc_nano.a
LOAD C:/ProgramData/MATLAB/SupportPackages/R2024b/3P.instrset/gnuarm-armcortex.instrset/win/bin/../lib/gcc/arm-none-eabi/13.2.1/thumb/v7e-m+fp/hard\libnosys.a
END GROUP
START GROUP
LOAD C:/ProgramData/MATLAB/SupportPackages/R2024b/3P.instrset/gnuarm-armcortex.instrset/win/bin/../lib/gcc/arm-none-eabi/13.2.1/thumb/v7e-m+fp/hard\libgcc.a
LOAD C:/ProgramData/MATLAB/SupportPackages/R2024b/3P.instrset/gnuarm-armcortex.instrset/win/bin/../lib/gcc/arm-none-eabi/13.2.1/thumb/v7e-m+fp/hard\libc_nano.a
LOAD C:/ProgramData/MATLAB/SupportPackages/R2024b/3P.instrset/gnuarm-armcortex.instrset/win/bin/../lib/gcc/arm-none-eabi/13.2.1/thumb/v7e-m+fp/hard\libnosys.a
END GROUP
LOAD C:/ProgramData/MATLAB/SupportPackages/R2024b/3P.instrset/gnuarm-armcortex.instrset/win/bin/../lib/gcc/arm-none-eabi/13.2.1/thumb/v7e-m+fp/hard/crtend.o
LOAD C:/ProgramData/MATLAB/SupportPackages/R2024b/3P.instrset/gnuarm-armcortex.instrset/win/bin/../lib/gcc/arm-none-eabi/13.2.1/thumb/v7e-m+fp/hard/crtn.o
                0x20018000                        _estack = (ORIGIN (RAM) + LENGTH (RAM))
                0x00000200                        _Min_Heap_Size = 0x200
                0x00000400                        _Min_Stack_Size = 0x400

.isr_vector     0x08000000      0x188
                0x08000000                        . = ALIGN (0x4)
 *(.isr_vector)
 .isr_vector    0x08000000      0x188 startup_stm32l476vetx.o
                0x08000000                g_pfnVectors
                0x08000188                        . = ALIGN (0x4)

.text           0x08000188     0xffdc
                0x08000188                        . = ALIGN (0x4)
 *(.text)
 .text          0x08000188      0x378 C:/ProgramData/MATLAB/SupportPackages/R2024b/3P.instrset/gnuarm-armcortex.instrset/win/bin/../lib/gcc/arm-none-eabi/13.2.1/thumb/v7e-m+fp/hard\libgcc.a(_arm_addsubdf3.o)
                0x08000188                __aeabi_drsub
                0x08000190                __aeabi_dsub
                0x08000190                __subdf3
                0x08000194                __aeabi_dadd
                0x08000194                __adddf3
                0x0800040c                __floatunsidf
                0x0800040c                __aeabi_ui2d
                0x0800042c                __floatsidf
                0x0800042c                __aeabi_i2d
                0x08000450                __aeabi_f2d
                0x08000450                __extendsfdf2
                0x08000494                __floatundidf
                0x08000494                __aeabi_ul2d
                0x080004a4                __floatdidf
                0x080004a4                __aeabi_l2d
 .text          0x08000500      0x424 C:/ProgramData/MATLAB/SupportPackages/R2024b/3P.instrset/gnuarm-armcortex.instrset/win/bin/../lib/gcc/arm-none-eabi/13.2.1/thumb/v7e-m+fp/hard\libgcc.a(_arm_muldivdf3.o)
                0x08000500                __aeabi_dmul
                0x08000500                __muldf3
                0x08000754                __divdf3
                0x08000754                __aeabi_ddiv
 .text          0x08000924      0x110 C:/ProgramData/MATLAB/SupportPackages/R2024b/3P.instrset/gnuarm-armcortex.instrset/win/bin/../lib/gcc/arm-none-eabi/13.2.1/thumb/v7e-m+fp/hard\libgcc.a(_arm_cmpdf2.o)
                0x08000924                __gtdf2
                0x08000924                __gedf2
                0x0800092c                __ltdf2
                0x0800092c                __ledf2
                0x08000934                __nedf2
                0x08000934                __eqdf2
                0x08000934                __cmpdf2
                0x080009b0                __aeabi_cdrcmple
                0x080009c0                __aeabi_cdcmpeq
                0x080009c0                __aeabi_cdcmple
                0x080009d0                __aeabi_dcmpeq
                0x080009e4                __aeabi_dcmplt
                0x080009f8                __aeabi_dcmple
                0x08000a0c                __aeabi_dcmpge
                0x08000a20                __aeabi_dcmpgt
 .text          0x08000a34       0x2c C:/ProgramData/MATLAB/SupportPackages/R2024b/3P.instrset/gnuarm-armcortex.instrset/win/bin/../lib/gcc/arm-none-eabi/13.2.1/thumb/v7e-m+fp/hard\libgcc.a(_arm_unorddf2.o)
                0x08000a34                __unorddf2
                0x08000a34                __aeabi_dcmpun
 .text          0x08000a60       0x40 C:/ProgramData/MATLAB/SupportPackages/R2024b/3P.instrset/gnuarm-armcortex.instrset/win/bin/../lib/gcc/arm-none-eabi/13.2.1/thumb/v7e-m+fp/hard\libgcc.a(_arm_fixunsdfsi.o)
                0x08000a60                __aeabi_d2uiz
                0x08000a60                __fixunsdfsi
 *(.text*)
 .text.deregister_tm_clones
                0x08000aa0       0x1c C:/ProgramData/MATLAB/SupportPackages/R2024b/3P.instrset/gnuarm-armcortex.instrset/win/bin/../lib/gcc/arm-none-eabi/13.2.1/thumb/v7e-m+fp/hard/crtbegin.o
 .text.register_tm_clones
                0x08000abc       0x24 C:/ProgramData/MATLAB/SupportPackages/R2024b/3P.instrset/gnuarm-armcortex.instrset/win/bin/../lib/gcc/arm-none-eabi/13.2.1/thumb/v7e-m+fp/hard/crtbegin.o
 .text.__do_global_dtors_aux
                0x08000ae0       0x28 C:/ProgramData/MATLAB/SupportPackages/R2024b/3P.instrset/gnuarm-armcortex.instrset/win/bin/../lib/gcc/arm-none-eabi/13.2.1/thumb/v7e-m+fp/hard/crtbegin.o
 .text.frame_dummy
                0x08000b08       0x24 C:/ProgramData/MATLAB/SupportPackages/R2024b/3P.instrset/gnuarm-armcortex.instrset/win/bin/../lib/gcc/arm-none-eabi/13.2.1/thumb/v7e-m+fp/hard/crtbegin.o
 .text.LL_TIM_GetCounterMode
                0x08000b2c       0x30 stm_timer_ll.o
 .text.LL_TIM_GetRepetitionCounter
                0x08000b5c       0x18 stm_timer_ll.o
 .text.LL_TIM_CC_EnableChannel
                0x08000b74       0x22 stm_timer_ll.o
 .text.LL_TIM_CC_DisableChannel
                0x08000b96       0x24 stm_timer_ll.o
 .text.LL_TIM_EnableAllOutputs
                0x08000bba       0x20 stm_timer_ll.o
 .text.LL_TIM_EnableIT_UPDATE
                0x08000bda       0x20 stm_timer_ll.o
 .text.LL_TIM_DisableIT_UPDATE
                0x08000bfa       0x20 stm_timer_ll.o
 .text.LL_TIM_IsEnabledIT_UPDATE
                0x08000c1a       0x26 stm_timer_ll.o
 .text.LL_TIM_EnableIT_CC1
                0x08000c40       0x20 stm_timer_ll.o
 .text.LL_TIM_DisableIT_CC1
                0x08000c60       0x20 stm_timer_ll.o
 .text.LL_TIM_IsEnabledIT_CC1
                0x08000c80       0x26 stm_timer_ll.o
 .text.LL_TIM_EnableIT_CC2
                0x08000ca6       0x20 stm_timer_ll.o
 .text.LL_TIM_DisableIT_CC2
                0x08000cc6       0x20 stm_timer_ll.o
 .text.LL_TIM_IsEnabledIT_CC2
                0x08000ce6       0x26 stm_timer_ll.o
 .text.LL_TIM_EnableIT_CC3
                0x08000d0c       0x20 stm_timer_ll.o
 .text.LL_TIM_DisableIT_CC3
                0x08000d2c       0x20 stm_timer_ll.o
 .text.LL_TIM_IsEnabledIT_CC3
                0x08000d4c       0x26 stm_timer_ll.o
 .text.LL_TIM_EnableIT_CC4
                0x08000d72       0x20 stm_timer_ll.o
 .text.LL_TIM_DisableIT_CC4
                0x08000d92       0x20 stm_timer_ll.o
 .text.LL_TIM_IsEnabledIT_CC4
                0x08000db2       0x26 stm_timer_ll.o
 .text.LL_TIM_EnableIT_COM
                0x08000dd8       0x20 stm_timer_ll.o
 .text.LL_TIM_DisableIT_COM
                0x08000df8       0x20 stm_timer_ll.o
 .text.LL_TIM_IsEnabledIT_COM
                0x08000e18       0x26 stm_timer_ll.o
 .text.LL_TIM_EnableIT_TRIG
                0x08000e3e       0x20 stm_timer_ll.o
 .text.LL_TIM_DisableIT_TRIG
                0x08000e5e       0x20 stm_timer_ll.o
 .text.LL_TIM_IsEnabledIT_TRIG
                0x08000e7e       0x26 stm_timer_ll.o
 .text.LL_TIM_EnableIT_BRK
                0x08000ea4       0x20 stm_timer_ll.o
 .text.LL_TIM_DisableIT_BRK
                0x08000ec4       0x20 stm_timer_ll.o
 .text.LL_TIM_IsEnabledIT_BRK
                0x08000ee4       0x26 stm_timer_ll.o
 .text.enableTimerInterrupts
                0x08000f0a      0x134 stm_timer_ll.o
                0x08000f0a                enableTimerInterrupts
 .text.disableTimerInterrupts
                0x0800103e      0x134 stm_timer_ll.o
                0x0800103e                disableTimerInterrupts
 *fill*         0x08001172        0x2 
 .text.enableTimerChannel1
                0x08001174       0xa0 stm_timer_ll.o
                0x08001174                enableTimerChannel1
 .text.disableTimerChannel1
                0x08001214       0xa0 stm_timer_ll.o
                0x08001214                disableTimerChannel1
 .text.enableTimerChannel2
                0x080012b4       0xa0 stm_timer_ll.o
                0x080012b4                enableTimerChannel2
 .text.disableTimerChannel2
                0x08001354       0xa0 stm_timer_ll.o
                0x08001354                disableTimerChannel2
 .text.enableTimerChannel3
                0x080013f4       0xa8 stm_timer_ll.o
                0x080013f4                enableTimerChannel3
 .text.disableTimerChannel3
                0x0800149c       0xa8 stm_timer_ll.o
                0x0800149c                disableTimerChannel3
 .text.enableTimerChannel4
                0x08001544       0x28 stm_timer_ll.o
                0x08001544                enableTimerChannel4
 .text.disableTimerChannel4
                0x0800156c       0x28 stm_timer_ll.o
                0x0800156c                disableTimerChannel4
 .text.Timer_Handle_Init
                0x08001594       0xf0 stm_timer_ll.o
                0x08001594                Timer_Handle_Init
 .text.LL_ADC_DMA_GetRegAddr
                0x08001684       0x30 stm_adc_ll.o
 .text.LL_ADC_REG_IsTriggerSourceSWStart
                0x080016b4       0x26 stm_adc_ll.o
 .text.LL_ADC_REG_SetSequencerLength
                0x080016da       0x26 stm_adc_ll.o
 .text.LL_ADC_REG_SetDMATransfer
                0x08001700       0x26 stm_adc_ll.o
 .text.LL_ADC_INJ_IsTriggerSourceSWStart
                0x08001726       0x26 stm_adc_ll.o
 .text.LL_ADC_Enable
                0x0800174c       0x28 stm_adc_ll.o
 .text.LL_ADC_Disable
                0x08001774       0x28 stm_adc_ll.o
 .text.LL_ADC_IsEnabled
                0x0800179c       0x26 stm_adc_ll.o
 .text.LL_ADC_StartCalibration
                0x080017c2       0x32 stm_adc_ll.o
 .text.LL_ADC_IsCalibrationOnGoing
                0x080017f4       0x28 stm_adc_ll.o
 .text.LL_ADC_REG_StartConversion
                0x0800181c       0x28 stm_adc_ll.o
 .text.LL_ADC_INJ_StartConversion
                0x08001844       0x28 stm_adc_ll.o
 .text.LL_ADC_IsActiveFlag_EOS
                0x0800186c       0x26 stm_adc_ll.o
 .text.LL_ADC_IsActiveFlag_OVR
                0x08001892       0x26 stm_adc_ll.o
 .text.LL_ADC_ClearFlag_OVR
                0x080018b8       0x1a stm_adc_ll.o
 .text.LL_ADC_EnableIT_EOS
                0x080018d2       0x20 stm_adc_ll.o
 .text.LL_ADC_EnableIT_JEOS
                0x080018f2       0x20 stm_adc_ll.o
 .text.LL_ADC_DisableIT_EOS
                0x08001912       0x20 stm_adc_ll.o
 .text.LL_ADC_DisableIT_OVR
                0x08001932       0x20 stm_adc_ll.o
 .text.LL_ADC_DisableIT_JEOS
                0x08001952       0x20 stm_adc_ll.o
 .text.LL_ADC_DisableIT_AWD1
                0x08001972       0x20 stm_adc_ll.o
 .text.LL_ADC_IsEnabledIT_OVR
                0x08001992       0x26 stm_adc_ll.o
 .text.LL_ADC_IsEnabledIT_AWD1
                0x080019b8       0x26 stm_adc_ll.o
 *fill*         0x080019de        0x2 
 .text.LL_DMA_EnableChannel
                0x080019e0       0x44 stm_adc_ll.o
 .text.LL_DMA_DisableChannel
                0x08001a24       0x44 stm_adc_ll.o
 .text.LL_DMA_GetMode
                0x08001a68       0x34 stm_adc_ll.o
 .text.LL_DMA_SetDataLength
                0x08001a9c       0x4c stm_adc_ll.o
 .text.LL_DMA_ConfigAddresses
                0x08001ae8       0x7c stm_adc_ll.o
 .text.LL_DMA_SetPeriphAddress
                0x08001b64       0x34 stm_adc_ll.o
 .text.LL_DMA_IsActiveFlag_TC2
                0x08001b98       0x26 stm_adc_ll.o
 .text.LL_DMA_ClearFlag_TC2
                0x08001bbe       0x1a stm_adc_ll.o
 .text.LL_DMA_EnableIT_TC
                0x08001bd8       0x44 stm_adc_ll.o
 .text.LL_DMA_EnableIT_TE
                0x08001c1c       0x44 stm_adc_ll.o
 .text.LL_DMA_DisableIT_TC
                0x08001c60       0x44 stm_adc_ll.o
 .text.LL_DMA_DisableIT_HT
                0x08001ca4       0x44 stm_adc_ll.o
 .text.LL_DMA_DisableIT_TE
                0x08001ce8       0x44 stm_adc_ll.o
 .text.LL_DMA_IsEnabledIT_TC
                0x08001d2c       0x3c stm_adc_ll.o
 .text.regularADCTrigger
                0x08001d68       0x86 stm_adc_ll.o
 .text.configure_ADCs_DMA
                0x08001dee       0x64 stm_adc_ll.o
 .text.deconfigure_ADCs_DMA
                0x08001e52       0x3e stm_adc_ll.o
 .text.copyADCChannelsFromDMABuffer
                0x08001e90       0x54 stm_adc_ll.o
 .text.ADC_IsEnabledDMAITTransferComplete
                0x08001ee4       0xa2 stm_adc_ll.o
                0x08001ee4                ADC_IsEnabledDMAITTransferComplete
 *fill*         0x08001f86        0x2 
 .text.DMA1_Channel2_IRQHandler
                0x08001f88       0x20 stm_adc_ll.o
                0x08001f88                DMA1_Channel2_IRQHandler
 .text.ADC_IsActiveFlagOVR
                0x08001fa8       0x42 stm_adc_ll.o
                0x08001fa8                ADC_IsActiveFlagOVR
 .text.startADCConversionForExternalTrigger
                0x08001fea       0x50 stm_adc_ll.o
                0x08001fea                startADCConversionForExternalTrigger
 *fill*         0x0800203a        0x2 
 .text.ADC_Handle_Init
                0x0800203c      0x11c stm_adc_ll.o
                0x0800203c                ADC_Handle_Init
 .text.enableADC
                0x08002158       0x2a stm_adc_ll.o
                0x08002158                enableADC
 .text.regularReadADCDMA
                0x08002182       0xb2 stm_adc_ll.o
                0x08002182                regularReadADCDMA
 .text.ADC_Handle_Deinit
                0x08002234       0xfa stm_adc_ll.o
                0x08002234                ADC_Handle_Deinit
 *fill*         0x0800232e        0x2 
 .text.enableADCAutomaticCalibrationOffset
                0x08002330      0x114 stm_adc_ll.o
                0x08002330                enableADCAutomaticCalibrationOffset
 .text.LL_TIM_EnableCounter
                0x08002444       0x20 MicroMouseTemplate.o
 .text.LL_TIM_DisableCounter
                0x08002464       0x20 MicroMouseTemplate.o
 .text.LL_TIM_SetUpdateSource
                0x08002484       0x26 MicroMouseTemplate.o
 .text.LL_TIM_GetUpdateSource
                0x080024aa       0x1c MicroMouseTemplate.o
 .text.LL_TIM_GetAutoReload
                0x080024c6       0x18 MicroMouseTemplate.o
 .text.LL_TIM_SetRepetitionCounter
                0x080024de       0x1c MicroMouseTemplate.o
 .text.LL_TIM_OC_SetCompareCH1
                0x080024fa       0x1c MicroMouseTemplate.o
 .text.LL_TIM_OC_SetCompareCH2
                0x08002516       0x1c MicroMouseTemplate.o
 .text.LL_TIM_OC_SetCompareCH3
                0x08002532       0x1c MicroMouseTemplate.o
 .text.LL_TIM_OC_SetCompareCH4
                0x0800254e       0x1c MicroMouseTemplate.o
 .text.LL_TIM_OC_GetCompareCH1
                0x0800256a       0x18 MicroMouseTemplate.o
 .text.LL_TIM_OC_GetCompareCH2
                0x08002582       0x18 MicroMouseTemplate.o
 .text.LL_TIM_OC_GetCompareCH3
                0x0800259a       0x18 MicroMouseTemplate.o
 .text.LL_TIM_OC_GetCompareCH4
                0x080025b2       0x18 MicroMouseTemplate.o
 .text.LL_TIM_GenerateEvent_UPDATE
                0x080025ca       0x20 MicroMouseTemplate.o
 .text.LL_GPIO_ReadInputPort
                0x080025ea       0x18 MicroMouseTemplate.o
 .text.LL_GPIO_SetOutputPin
                0x08002602       0x1c MicroMouseTemplate.o
 .text.LL_GPIO_ResetOutputPin
                0x0800261e       0x1c MicroMouseTemplate.o
 *fill*         0x0800263a        0x2 
 .text.convertDutyCyclePercentageToCounts
                0x0800263c       0x88 MicroMouseTemplate.o
 .text.setDutyCycleChannel1
                0x080026c4       0x30 MicroMouseTemplate.o
 .text.setDutyCycleChannel2
                0x080026f4       0x30 MicroMouseTemplate.o
 .text.setDutyCycleChannel3
                0x08002724       0x30 MicroMouseTemplate.o
 .text.setDutyCycleChannel4
                0x08002754       0x30 MicroMouseTemplate.o
 .text.setDutyCycleInPercentageChannel1
                0x08002784       0x28 MicroMouseTemplate.o
 .text.setDutyCycleInPercentageChannel2
                0x080027ac       0x28 MicroMouseTemplate.o
 .text.setDutyCycleInPercentageChannel3
                0x080027d4       0x28 MicroMouseTemplate.o
 .text.setDutyCycleInPercentageChannel4
                0x080027fc       0x28 MicroMouseTemplate.o
 .text.isSlaveTriggerModeEnabled
                0x08002824       0x30 MicroMouseTemplate.o
 .text.enableCounter
                0x08002854      0x100 MicroMouseTemplate.o
 .text.disableCounter
                0x08002954       0x1a MicroMouseTemplate.o
 .text.MicroMouseTe_MATLABSystem1_Init
                0x0800296e       0x58 MicroMouseTemplate.o
                0x0800296e                MicroMouseTe_MATLABSystem1_Init
 .text.MicroMouseTemplat_MATLABSystem1
                0x080029c6       0x74 MicroMouseTemplate.o
                0x080029c6                MicroMouseTemplat_MATLABSystem1
 .text.MicroMouseTe_MATLABSystem3_Init
                0x08002a3a       0x58 MicroMouseTemplate.o
                0x08002a3a                MicroMouseTe_MATLABSystem3_Init
 .text.MicroMouseTemplat_MATLABSystem3
                0x08002a92       0x74 MicroMouseTemplate.o
                0x08002a92                MicroMouseTemplat_MATLABSystem3
 *fill*         0x08002b06        0x2 
 .text.MicroMouseTemp_SystemCore_setup
                0x08002b08       0x90 MicroMouseTemplate.o
 .text.MicroMous_PWMOutput_setupImpl_d
                0x08002b98       0x78 MicroMouseTemplate.o
 .text.MicroMouseT_PWMOutput_setupImpl
                0x08002c10       0x78 MicroMouseTemplate.o
 .text.MicroMouseTemplate_step
                0x08002c88     0x1af8 MicroMouseTemplate.o
                0x08002c88                MicroMouseTemplate_step
 .text.MicroMouseTemplate_initialize
                0x08004780      0x254 MicroMouseTemplate.o
                0x08004780                MicroMouseTemplate_initialize
 .text.MicroMouseTemplate_terminate
                0x080049d4       0xdc MicroMouseTemplate.o
                0x080049d4                MicroMouseTemplate_terminate
 .text.store_code_profiling_data_point
                0x08004ab0       0x94 ert_main.o
                0x08004ab0                store_code_profiling_data_point
 .text.code_profiling_atomic_read_store
                0x08004b44       0x2e ert_main.o
                0x08004b44                code_profiling_atomic_read_store
 *fill*         0x08004b72        0x2 
 .text.rt_OneStep
                0x08004b74       0x58 ert_main.o
                0x08004b74                rt_OneStep
 .text.main     0x08004bcc      0x100 ert_main.o
                0x08004bcc                main
 .text.signNumber16
                0x08004ccc       0x2c IMU.o
                0x08004ccc                signNumber16
 .text.ReadMem  0x08004cf8       0x58 IMU.o
 .text.refreshIMUValues
                0x08004d50      0x128 IMU.o
                0x08004d50                refreshIMUValues
 .text.initIMU  0x08004e78       0x9c IMU.o
                0x08004e78                initIMU
 .text.UnInterruptable
                0x08004f14       0x3c CustomWhile.o
                0x08004f14                UnInterruptable
 .text.Interruptable
                0x08004f50       0x2c CustomWhile.o
                0x08004f50                Interruptable
 .text.CustomWhile
                0x08004f7c      0x46c CustomWhile.o
                0x08004f7c                CustomWhile
 .text.HAL_Delay
                0x080053e8       0x2e overrideHALDelay.o
                0x080053e8                HAL_Delay
 *fill*         0x08005416        0x2 
 .text.getCurrentTimestampInMicros
                0x08005418       0x40 platform_timer.o
                0x08005418                getCurrentTimestampInMicros
 .text.__NVIC_SetPriority
                0x08005458       0x54 SysTickScheduler.o
 .text.SysTick_Config
                0x080054ac       0x44 SysTickScheduler.o
 .text.SysTick_Isr
                0x080054f0       0x48 SysTickScheduler.o
 .text.SysTick_Handler
                0x08005538       0x20 SysTickScheduler.o
                0x08005538                SysTick_Handler
 .text.ARMCM_SysTick_Config
                0x08005558       0xb0 SysTickScheduler.o
                0x08005558                ARMCM_SysTick_Config
 .text.PendSV_Handler
                0x08005608       0x44 m3m4m4f_multitasking.o
                0x08005608                PendSV_Handler
 .text.SVC_Handler
                0x0800564c       0x58 m3m4m4f_multitasking.o
                0x0800564c                SVC_Handler
 .text.LL_RCC_HSE_EnableCSS
                0x080056a4       0x20 main.o
 .text.LL_RCC_HSE_Enable
                0x080056c4       0x20 main.o
 .text.LL_RCC_HSE_IsReady
                0x080056e4       0x28 main.o
 .text.LL_RCC_SetSysClkSource
                0x0800570c       0x28 main.o
 .text.LL_RCC_GetSysClkSource
                0x08005734       0x1c main.o
 .text.LL_RCC_SetAHBPrescaler
                0x08005750       0x28 main.o
 .text.LL_RCC_SetAPB1Prescaler
                0x08005778       0x28 main.o
 .text.LL_RCC_SetAPB2Prescaler
                0x080057a0       0x28 main.o
 .text.LL_RCC_PLL_Enable
                0x080057c8       0x20 main.o
 .text.LL_RCC_PLL_IsReady
                0x080057e8       0x28 main.o
 .text.LL_RCC_PLL_ConfigDomain_SYS
                0x08005810       0x40 main.o
 .text.LL_RCC_PLL_EnableDomain_SYS
                0x08005850       0x20 main.o
 .text.LL_RCC_PLLSAI1_Enable
                0x08005870       0x20 main.o
 .text.LL_RCC_PLLSAI1_IsReady
                0x08005890       0x28 main.o
 .text.LL_RCC_PLLSAI1_ConfigDomain_48M
                0x080058b8       0x4c main.o
 .text.LL_RCC_PLLSAI1_EnableDomain_48M
                0x08005904       0x20 main.o
 .text.LL_FLASH_SetLatency
                0x08005924       0x28 main.o
 .text.LL_FLASH_GetLatency
                0x0800594c       0x1c main.o
 .text.LL_PWR_SetRegulVoltageScaling
                0x08005968       0x28 main.o
 .text.LL_PWR_IsActiveFlag_VOS
                0x08005990       0x28 main.o
 .text.SystemClock_Config
                0x080059b8       0xa0 main.o
                0x080059b8                SystemClock_Config
 .text.PeriphCommonClock_Config
                0x08005a58       0x2a main.o
                0x08005a58                PeriphCommonClock_Config
 *fill*         0x08005a82        0x2 
 .text.HAL_TIM_PeriodElapsedCallback
                0x08005a84       0x24 main.o
                0x08005a84                HAL_TIM_PeriodElapsedCallback
 .text.Error_Handler
                0x08005aa8        0xc main.o
                0x08005aa8                Error_Handler
 .text.LL_AHB2_GRP1_EnableClock
                0x08005ab4       0x30 gpio.o
 .text.LL_GPIO_SetOutputPin
                0x08005ae4       0x1c gpio.o
 .text.LL_GPIO_ResetOutputPin
                0x08005b00       0x1c gpio.o
 .text.MX_GPIO_Init
                0x08005b1c      0x1dc gpio.o
                0x08005b1c                MX_GPIO_Init
 .text.__NVIC_GetPriorityGrouping
                0x08005cf8       0x1c adc.o
 .text.__NVIC_EnableIRQ
                0x08005d14       0x3c adc.o
 .text.__NVIC_SetPriority
                0x08005d50       0x54 adc.o
 .text.NVIC_EncodePriority
                0x08005da4       0x66 adc.o
 .text.LL_ADC_SetCommonPathInternalCh
                0x08005e0a       0x26 adc.o
 .text.LL_ADC_REG_SetSequencerRanks
                0x08005e30       0x58 adc.o
 .text.LL_ADC_SetChannelSamplingTime
                0x08005e88       0x56 adc.o
 *fill*         0x08005ede        0x2 
 .text.LL_ADC_SetChannelSingleDiff
                0x08005ee0       0x48 adc.o
 .text.LL_ADC_SetOverSamplingScope
                0x08005f28       0x2a adc.o
 .text.LL_ADC_SetOverSamplingDiscont
                0x08005f52       0x26 adc.o
 .text.LL_ADC_ConfigOverSamplingRatioShift
                0x08005f78       0x2c adc.o
 .text.LL_ADC_DisableDeepPowerDown
                0x08005fa4       0x24 adc.o
 .text.LL_ADC_EnableInternalRegulator
                0x08005fc8       0x28 adc.o
 .text.LL_DMA_SetDataTransferDirection
                0x08005ff0       0x50 adc.o
 .text.LL_DMA_SetMode
                0x08006040       0x4c adc.o
 .text.LL_DMA_SetPeriphIncMode
                0x0800608c       0x4c adc.o
 .text.LL_DMA_SetMemoryIncMode
                0x080060d8       0x4c adc.o
 .text.LL_DMA_SetPeriphSize
                0x08006124       0x4c adc.o
 .text.LL_DMA_SetMemorySize
                0x08006170       0x4c adc.o
 .text.LL_DMA_SetChannelPriorityLevel
                0x080061bc       0x4c adc.o
 .text.LL_DMA_SetPeriphRequest
                0x08006208       0x64 adc.o
 .text.LL_RCC_SetADCClockSource
                0x0800626c       0x2c adc.o
 .text.LL_AHB2_GRP1_EnableClock
                0x08006298       0x30 adc.o
 .text.LL_GPIO_EnablePinAnalogControl
                0x080062c8       0x22 adc.o
 *fill*         0x080062ea        0x2 
 .text.MX_ADC1_Init
                0x080062ec      0x348 adc.o
                0x080062ec                MX_ADC1_Init
 .text.MX_ADC2_Init
                0x08006634      0x334 adc.o
                0x08006634                MX_ADC2_Init
 .text.__NVIC_GetPriorityGrouping
                0x08006968       0x1c dma.o
 .text.__NVIC_EnableIRQ
                0x08006984       0x3c dma.o
 .text.__NVIC_SetPriority
                0x080069c0       0x54 dma.o
 .text.NVIC_EncodePriority
                0x08006a14       0x66 dma.o
 *fill*         0x08006a7a        0x2 
 .text.LL_AHB1_GRP1_EnableClock
                0x08006a7c       0x30 dma.o
 .text.MX_DMA_Init
                0x08006aac       0x8e dma.o
                0x08006aac                MX_DMA_Init
 *fill*         0x08006b3a        0x2 
 .text.LL_RCC_SetI2CClockSource
                0x08006b3c       0x50 i2c.o
 .text.MX_I2C2_Init
                0x08006b8c       0x80 i2c.o
                0x08006b8c                MX_I2C2_Init
 .text.HAL_I2C_MspInit
                0x08006c0c       0x90 i2c.o
                0x08006c0c                HAL_I2C_MspInit
 .text.LL_AHB2_GRP1_EnableClock
                0x08006c9c       0x30 tim.o
 .text.LL_APB1_GRP1_EnableClock
                0x08006ccc       0x30 tim.o
 .text.LL_TIM_EnableARRPreload
                0x08006cfc       0x20 tim.o
 .text.LL_TIM_OC_DisableFast
                0x08006d1c       0xa4 tim.o
 .text.LL_TIM_OC_EnablePreload
                0x08006dc0       0xa0 tim.o
 .text.LL_TIM_DisableExternalClock
                0x08006e60       0x20 tim.o
 .text.LL_TIM_SetClockSource
                0x08006e80       0x2a tim.o
 .text.LL_TIM_SetTriggerOutput
                0x08006eaa       0x26 tim.o
 .text.LL_TIM_DisableMasterSlaveMode
                0x08006ed0       0x20 tim.o
 .text.LL_TIM_ConfigETR
                0x08006ef0       0x32 tim.o
 .text.LL_TIM_SetOCRefClearInputSource
                0x08006f22       0x26 tim.o
 .text.MX_TIM3_Init
                0x08006f48      0x160 tim.o
                0x08006f48                MX_TIM3_Init
 .text.MX_TIM4_Init
                0x080070a8       0x9c tim.o
                0x080070a8                MX_TIM4_Init
 .text.HAL_TIM_Base_MspInit
                0x08007144       0x4c tim.o
                0x08007144                HAL_TIM_Base_MspInit
 .text.LL_DMA_SetDataTransferDirection
                0x08007190       0x50 usart.o
 .text.LL_DMA_SetMode
                0x080071e0       0x4c usart.o
 .text.LL_DMA_SetPeriphIncMode
                0x0800722c       0x4c usart.o
 .text.LL_DMA_SetMemoryIncMode
                0x08007278       0x4c usart.o
 .text.LL_DMA_SetPeriphSize
                0x080072c4       0x4c usart.o
 .text.LL_DMA_SetMemorySize
                0x08007310       0x4c usart.o
 .text.LL_DMA_SetChannelPriorityLevel
                0x0800735c       0x4c usart.o
 .text.LL_DMA_SetPeriphRequest
                0x080073a8       0x64 usart.o
 .text.LL_RCC_SetUSARTClockSource
                0x0800740c       0x34 usart.o
 .text.LL_AHB2_GRP1_EnableClock
                0x08007440       0x30 usart.o
 .text.LL_APB1_GRP1_EnableClock
                0x08007470       0x30 usart.o
 .text.LL_USART_Enable
                0x080074a0       0x20 usart.o
 .text.LL_USART_ConfigAsyncMode
                0x080074c0       0x2c usart.o
 .text.MX_USART2_UART_Init
                0x080074ec      0x14c usart.o
                0x080074ec                MX_USART2_UART_Init
 .text.MX_USB_DEVICE_Init
                0x08007638       0x60 usb_device.o
                0x08007638                MX_USB_DEVICE_Init
 .text.LL_RCC_SetUSBClockSource
                0x08007698       0x2c usbd_conf.o
 .text.HAL_PCD_MspInit
                0x080076c4       0xf0 usbd_conf.o
                0x080076c4                HAL_PCD_MspInit
 .text.HAL_PCD_SetupStageCallback
                0x080077b4       0x24 usbd_conf.o
                0x080077b4                HAL_PCD_SetupStageCallback
 .text.HAL_PCD_DataOutStageCallback
                0x080077d8       0x36 usbd_conf.o
                0x080077d8                HAL_PCD_DataOutStageCallback
 .text.HAL_PCD_DataInStageCallback
                0x0800780e       0x34 usbd_conf.o
                0x0800780e                HAL_PCD_DataInStageCallback
 .text.HAL_PCD_SOFCallback
                0x08007842       0x1c usbd_conf.o
                0x08007842                HAL_PCD_SOFCallback
 .text.HAL_PCD_ResetCallback
                0x0800785e       0x3c usbd_conf.o
                0x0800785e                HAL_PCD_ResetCallback
 *fill*         0x0800789a        0x2 
 .text.HAL_PCD_SuspendCallback
                0x0800789c       0x4c usbd_conf.o
                0x0800789c                HAL_PCD_SuspendCallback
 .text.HAL_PCD_ResumeCallback
                0x080078e8       0x50 usbd_conf.o
                0x080078e8                HAL_PCD_ResumeCallback
 .text.HAL_PCD_ISOOUTIncompleteCallback
                0x08007938       0x24 usbd_conf.o
                0x08007938                HAL_PCD_ISOOUTIncompleteCallback
 .text.HAL_PCD_ISOINIncompleteCallback
                0x0800795c       0x24 usbd_conf.o
                0x0800795c                HAL_PCD_ISOINIncompleteCallback
 .text.HAL_PCD_ConnectCallback
                0x08007980       0x1c usbd_conf.o
                0x08007980                HAL_PCD_ConnectCallback
 .text.HAL_PCD_DisconnectCallback
                0x0800799c       0x1c usbd_conf.o
                0x0800799c                HAL_PCD_DisconnectCallback
 .text.USBD_LL_Init
                0x080079b8       0x98 usbd_conf.o
                0x080079b8                USBD_LL_Init
 .text.USBD_LL_Start
                0x08007a50       0x64 usbd_conf.o
                0x08007a50                USBD_LL_Start
 .text.USBD_LL_OpenEP
                0x08007ab4       0x7c usbd_conf.o
                0x08007ab4                USBD_LL_OpenEP
 .text.USBD_LL_CloseEP
                0x08007b30       0x6c usbd_conf.o
                0x08007b30                USBD_LL_CloseEP
 .text.USBD_LL_StallEP
                0x08007b9c       0x6c usbd_conf.o
                0x08007b9c                USBD_LL_StallEP
 .text.USBD_LL_ClearStallEP
                0x08007c08       0x6c usbd_conf.o
                0x08007c08                USBD_LL_ClearStallEP
 .text.USBD_LL_IsStallEP
                0x08007c74       0x58 usbd_conf.o
                0x08007c74                USBD_LL_IsStallEP
 .text.USBD_LL_SetUSBAddress
                0x08007ccc       0x6c usbd_conf.o
                0x08007ccc                USBD_LL_SetUSBAddress
 .text.USBD_LL_Transmit
                0x08007d38       0x70 usbd_conf.o
                0x08007d38                USBD_LL_Transmit
 .text.USBD_LL_PrepareReceive
                0x08007da8       0x70 usbd_conf.o
                0x08007da8                USBD_LL_PrepareReceive
 .text.USBD_LL_GetRxDataSize
                0x08007e18       0x26 usbd_conf.o
                0x08007e18                USBD_LL_GetRxDataSize
 *fill*         0x08007e3e        0x2 
 .text.HAL_PCDEx_LPM_Callback
                0x08007e40       0x9c usbd_conf.o
                0x08007e40                HAL_PCDEx_LPM_Callback
 .text.USBD_static_malloc
                0x08007edc       0x1c usbd_conf.o
                0x08007edc                USBD_static_malloc
 .text.USBD_static_free
                0x08007ef8       0x14 usbd_conf.o
                0x08007ef8                USBD_static_free
 .text.SystemClockConfig_Resume
                0x08007f0c        0xc usbd_conf.o
 .text.USBD_FS_DeviceDescriptor
                0x08007f18       0x24 usbd_desc.o
                0x08007f18                USBD_FS_DeviceDescriptor
 .text.USBD_FS_LangIDStrDescriptor
                0x08007f3c       0x24 usbd_desc.o
                0x08007f3c                USBD_FS_LangIDStrDescriptor
 .text.USBD_FS_ProductStrDescriptor
                0x08007f60       0x3c usbd_desc.o
                0x08007f60                USBD_FS_ProductStrDescriptor
 .text.USBD_FS_ManufacturerStrDescriptor
                0x08007f9c       0x28 usbd_desc.o
                0x08007f9c                USBD_FS_ManufacturerStrDescriptor
 .text.USBD_FS_SerialStrDescriptor
                0x08007fc4       0x24 usbd_desc.o
                0x08007fc4                USBD_FS_SerialStrDescriptor
 .text.USBD_FS_ConfigStrDescriptor
                0x08007fe8       0x3c usbd_desc.o
                0x08007fe8                USBD_FS_ConfigStrDescriptor
 .text.USBD_FS_InterfaceStrDescriptor
                0x08008024       0x3c usbd_desc.o
                0x08008024                USBD_FS_InterfaceStrDescriptor
 .text.USBD_FS_USR_BOSDescriptor
                0x08008060       0x24 usbd_desc.o
                0x08008060                USBD_FS_USR_BOSDescriptor
 .text.Get_SerialNum
                0x08008084       0x58 usbd_desc.o
 .text.IntToUnicode
                0x080080dc       0x7e usbd_desc.o
 *fill*         0x0800815a        0x2 
 .text.CDC_Init_FS
                0x0800815c       0x28 usbd_cdc_if.o
 .text.CDC_DeInit_FS
                0x08008184       0x10 usbd_cdc_if.o
 .text.CDC_Control_FS
                0x08008194       0xbc usbd_cdc_if.o
 .text.CDC_Receive_FS
                0x08008250       0x48 usbd_cdc_if.o
 .text.CDC_Transmit_FS
                0x08008298       0x4c usbd_cdc_if.o
                0x08008298                CDC_Transmit_FS
 .text.CDC_TransmitCplt_FS
                0x080082e4       0x22 usbd_cdc_if.o
 .text.NMI_Handler
                0x08008306        0x8 stm32l4xx_it.o
                0x08008306                NMI_Handler
 .text.HardFault_Handler
                0x0800830e        0x8 stm32l4xx_it.o
                0x0800830e                HardFault_Handler
 .text.MemManage_Handler
                0x08008316        0x8 stm32l4xx_it.o
                0x08008316                MemManage_Handler
 .text.BusFault_Handler
                0x0800831e        0x8 stm32l4xx_it.o
                0x0800831e                BusFault_Handler
 .text.UsageFault_Handler
                0x08008326        0x8 stm32l4xx_it.o
                0x08008326                UsageFault_Handler
 .text.DebugMon_Handler
                0x0800832e        0xe stm32l4xx_it.o
                0x0800832e                DebugMon_Handler
 .text.DMA1_Channel1_IRQHandler
                0x0800833c        0xe stm32l4xx_it.o
                0x0800833c                DMA1_Channel1_IRQHandler
 .text.DMA1_Channel6_IRQHandler
                0x0800834a        0xe stm32l4xx_it.o
                0x0800834a                DMA1_Channel6_IRQHandler
 .text.DMA1_Channel7_IRQHandler
                0x08008358        0xe stm32l4xx_it.o
                0x08008358                DMA1_Channel7_IRQHandler
 .text.ADC1_2_IRQHandler
                0x08008366        0xe stm32l4xx_it.o
                0x08008366                ADC1_2_IRQHandler
 .text.TIM1_UP_TIM16_IRQHandler
                0x08008374       0x14 stm32l4xx_it.o
                0x08008374                TIM1_UP_TIM16_IRQHandler
 .text.OTG_FS_IRQHandler
                0x08008388       0x14 stm32l4xx_it.o
                0x08008388                OTG_FS_IRQHandler
 .text.HAL_MspInit
                0x0800839c       0x48 stm32l4xx_hal_msp.o
                0x0800839c                HAL_MspInit
 .text.HAL_InitTick
                0x080083e4       0xdc stm32l4xx_hal_timebase_tim.o
                0x080083e4                HAL_InitTick
 .text.LL_SetSystemCoreClock
                0x080084c0       0x20 stm32l4xx_ll_utils.o
                0x080084c0                LL_SetSystemCoreClock
 .text.LL_GPIO_SetPinMode
                0x080084e0       0x7a stm32l4xx_ll_gpio.o
 .text.LL_GPIO_SetPinOutputType
                0x0800855a       0x30 stm32l4xx_ll_gpio.o
 .text.LL_GPIO_SetPinSpeed
                0x0800858a       0x7a stm32l4xx_ll_gpio.o
 .text.LL_GPIO_SetPinPull
                0x08008604       0x7a stm32l4xx_ll_gpio.o
 .text.LL_GPIO_SetAFPin_0_7
                0x0800867e       0x7a stm32l4xx_ll_gpio.o
 .text.LL_GPIO_SetAFPin_8_15
                0x080086f8       0x7e stm32l4xx_ll_gpio.o
 .text.LL_GPIO_Init
                0x08008776       0xdc stm32l4xx_ll_gpio.o
                0x08008776                LL_GPIO_Init
 .text.HAL_PCD_Init
                0x08008852      0x248 stm32l4xx_hal_pcd.o
                0x08008852                HAL_PCD_Init
 .text.HAL_PCD_Start
                0x08008a9a       0x5e stm32l4xx_hal_pcd.o
                0x08008a9a                HAL_PCD_Start
 .text.HAL_PCD_IRQHandler
                0x08008af8      0x926 stm32l4xx_hal_pcd.o
                0x08008af8                HAL_PCD_IRQHandler
 .text.HAL_PCD_SetAddress
                0x0800941e       0x4a stm32l4xx_hal_pcd.o
                0x0800941e                HAL_PCD_SetAddress
 .text.HAL_PCD_EP_Open
                0x08009468       0xd0 stm32l4xx_hal_pcd.o
                0x08009468                HAL_PCD_EP_Open
 .text.HAL_PCD_EP_Close
                0x08009538       0x94 stm32l4xx_hal_pcd.o
                0x08009538                HAL_PCD_EP_Close
 .text.HAL_PCD_EP_Receive
                0x080095cc       0x7c stm32l4xx_hal_pcd.o
                0x080095cc                HAL_PCD_EP_Receive
 .text.HAL_PCD_EP_GetRxCount
                0x08009648       0x30 stm32l4xx_hal_pcd.o
                0x08009648                HAL_PCD_EP_GetRxCount
 .text.HAL_PCD_EP_Transmit
                0x08009678       0x7a stm32l4xx_hal_pcd.o
                0x08009678                HAL_PCD_EP_Transmit
 .text.HAL_PCD_EP_SetStall
                0x080096f2       0xc4 stm32l4xx_hal_pcd.o
                0x080096f2                HAL_PCD_EP_SetStall
 .text.HAL_PCD_EP_ClrStall
                0x080097b6       0xac stm32l4xx_hal_pcd.o
                0x080097b6                HAL_PCD_EP_ClrStall
 .text.HAL_PCD_EP_Abort
                0x08009862       0x62 stm32l4xx_hal_pcd.o
                0x08009862                HAL_PCD_EP_Abort
 .text.PCD_WriteEmptyTxFifo
                0x080098c4      0x110 stm32l4xx_hal_pcd.o
 .text.PCD_EP_OutXfrComplete_int
                0x080099d4       0x9c stm32l4xx_hal_pcd.o
 .text.PCD_EP_OutSetupPacket_int
                0x08009a70       0x68 stm32l4xx_hal_pcd.o
 .text.HAL_PCDEx_SetTxFiFo
                0x08009ad8       0x8e stm32l4xx_hal_pcd_ex.o
                0x08009ad8                HAL_PCDEx_SetTxFiFo
 .text.HAL_PCDEx_SetRxFiFo
                0x08009b66       0x22 stm32l4xx_hal_pcd_ex.o
                0x08009b66                HAL_PCDEx_SetRxFiFo
 .text.HAL_PCDEx_ActivateLPM
                0x08009b88       0x48 stm32l4xx_hal_pcd_ex.o
                0x08009b88                HAL_PCDEx_ActivateLPM
 .text.USB_CoreInit
                0x08009bd0       0x58 stm32l4xx_ll_usb.o
                0x08009bd0                USB_CoreInit
 .text.USB_SetTurnaroundTime
                0x08009c28      0x138 stm32l4xx_ll_usb.o
                0x08009c28                USB_SetTurnaroundTime
 .text.USB_EnableGlobalInt
                0x08009d60       0x22 stm32l4xx_ll_usb.o
                0x08009d60                USB_EnableGlobalInt
 .text.USB_DisableGlobalInt
                0x08009d82       0x22 stm32l4xx_ll_usb.o
                0x08009d82                USB_DisableGlobalInt
 .text.USB_SetCurrentMode
                0x08009da4       0x98 stm32l4xx_ll_usb.o
                0x08009da4                USB_SetCurrentMode
 .text.USB_DevInit
                0x08009e3c      0x298 stm32l4xx_ll_usb.o
                0x08009e3c                USB_DevInit
 .text.USB_FlushTxFifo
                0x0800a0d4       0x68 stm32l4xx_ll_usb.o
                0x0800a0d4                USB_FlushTxFifo
 .text.USB_FlushRxFifo
                0x0800a13c       0x60 stm32l4xx_ll_usb.o
                0x0800a13c                USB_FlushRxFifo
 .text.USB_SetDevSpeed
                0x0800a19c       0x32 stm32l4xx_ll_usb.o
                0x0800a19c                USB_SetDevSpeed
 .text.USB_GetDevSpeed
                0x0800a1ce       0x3e stm32l4xx_ll_usb.o
                0x0800a1ce                USB_GetDevSpeed
 .text.USB_ActivateEndpoint
                0x0800a20c      0x10e stm32l4xx_ll_usb.o
                0x0800a20c                USB_ActivateEndpoint
 *fill*         0x0800a31a        0x2 
 .text.USB_DeactivateEndpoint
                0x0800a31c      0x1b8 stm32l4xx_ll_usb.o
                0x0800a31c                USB_DeactivateEndpoint
 .text.USB_EPStartXfer
                0x0800a4d4      0x3c0 stm32l4xx_ll_usb.o
                0x0800a4d4                USB_EPStartXfer
 .text.USB_EP0StartXfer
                0x0800a894      0x244 stm32l4xx_ll_usb.o
                0x0800a894                USB_EP0StartXfer
 .text.USB_EPStopXfer
                0x0800aad8      0x154 stm32l4xx_ll_usb.o
                0x0800aad8                USB_EPStopXfer
 .text.USB_WritePacket
                0x0800ac2c       0x74 stm32l4xx_ll_usb.o
                0x0800ac2c                USB_WritePacket
 .text.USB_ReadPacket
                0x0800aca0       0xb0 stm32l4xx_ll_usb.o
                0x0800aca0                USB_ReadPacket
 .text.USB_EPSetStall
                0x0800ad50       0xdc stm32l4xx_ll_usb.o
                0x0800ad50                USB_EPSetStall
 .text.USB_EPClearStall
                0x0800ae2c       0xcc stm32l4xx_ll_usb.o
                0x0800ae2c                USB_EPClearStall
 .text.USB_SetDevAddress
                0x0800aef8       0x4c stm32l4xx_ll_usb.o
                0x0800aef8                USB_SetDevAddress
 .text.USB_DevConnect
                0x0800af44       0x42 stm32l4xx_ll_usb.o
                0x0800af44                USB_DevConnect
 .text.USB_DevDisconnect
                0x0800af86       0x42 stm32l4xx_ll_usb.o
                0x0800af86                USB_DevDisconnect
 .text.USB_ReadInterrupts
                0x0800afc8       0x26 stm32l4xx_ll_usb.o
                0x0800afc8                USB_ReadInterrupts
 .text.USB_ReadDevAllOutEpInterrupt
                0x0800afee       0x34 stm32l4xx_ll_usb.o
                0x0800afee                USB_ReadDevAllOutEpInterrupt
 .text.USB_ReadDevAllInEpInterrupt
                0x0800b022       0x34 stm32l4xx_ll_usb.o
                0x0800b022                USB_ReadDevAllInEpInterrupt
 .text.USB_ReadDevOutEPInterrupt
                0x0800b056       0x3c stm32l4xx_ll_usb.o
                0x0800b056                USB_ReadDevOutEPInterrupt
 .text.USB_ReadDevInEPInterrupt
                0x0800b092       0x5c stm32l4xx_ll_usb.o
                0x0800b092                USB_ReadDevInEPInterrupt
 .text.USB_GetMode
                0x0800b0ee       0x1c stm32l4xx_ll_usb.o
                0x0800b0ee                USB_GetMode
 .text.USB_ActivateSetup
                0x0800b10a       0x46 stm32l4xx_ll_usb.o
                0x0800b10a                USB_ActivateSetup
 .text.USB_EP0_OutStart
                0x0800b150       0x90 stm32l4xx_ll_usb.o
                0x0800b150                USB_EP0_OutStart
 .text.USB_CoreReset
                0x0800b1e0       0x68 stm32l4xx_ll_usb.o
 .text.HAL_Init
                0x0800b248       0x30 stm32l4xx_hal.o
                0x0800b248                HAL_Init
 .text.HAL_IncTick
                0x0800b278       0x28 stm32l4xx_hal.o
                0x0800b278                HAL_IncTick
 .text.HAL_GetTick
                0x0800b2a0       0x18 stm32l4xx_hal.o
                0x0800b2a0                HAL_GetTick
 .text.HAL_RCC_GetHCLKFreq
                0x0800b2b8       0x18 stm32l4xx_hal_rcc.o
                0x0800b2b8                HAL_RCC_GetHCLKFreq
 .text.HAL_RCC_GetPCLK2Freq
                0x0800b2d0       0x2c stm32l4xx_hal_rcc.o
                0x0800b2d0                HAL_RCC_GetPCLK2Freq
 .text.HAL_RCC_GetClockConfig
                0x0800b2fc       0x64 stm32l4xx_hal_rcc.o
                0x0800b2fc                HAL_RCC_GetClockConfig
 .text.HAL_GPIO_Init
                0x0800b360      0x354 stm32l4xx_hal_gpio.o
                0x0800b360                HAL_GPIO_Init
 .text.HAL_GPIO_ReadPin
                0x0800b6b4       0x30 stm32l4xx_hal_gpio.o
                0x0800b6b4                HAL_GPIO_ReadPin
 .text.HAL_I2C_Init
                0x0800b6e4      0x11e stm32l4xx_hal_i2c.o
                0x0800b6e4                HAL_I2C_Init
 *fill*         0x0800b802        0x2 
 .text.HAL_I2C_Mem_Write
                0x0800b804      0x228 stm32l4xx_hal_i2c.o
                0x0800b804                HAL_I2C_Mem_Write
 .text.HAL_I2C_Mem_Read
                0x0800ba2c      0x234 stm32l4xx_hal_i2c.o
                0x0800ba2c                HAL_I2C_Mem_Read
 .text.I2C_RequestMemoryWrite
                0x0800bc60       0xa8 stm32l4xx_hal_i2c.o
 .text.I2C_RequestMemoryRead
                0x0800bd08       0xa8 stm32l4xx_hal_i2c.o
 .text.I2C_Flush_TXDR
                0x0800bdb0       0x48 stm32l4xx_hal_i2c.o
 .text.I2C_WaitOnFlagUntilTimeout
                0x0800bdf8       0x80 stm32l4xx_hal_i2c.o
 .text.I2C_WaitOnTXISFlagUntilTimeout
                0x0800be78       0x80 stm32l4xx_hal_i2c.o
 .text.I2C_WaitOnSTOPFlagUntilTimeout
                0x0800bef8       0x78 stm32l4xx_hal_i2c.o
 .text.I2C_IsErrorOccurred
                0x0800bf70      0x1d8 stm32l4xx_hal_i2c.o
 .text.I2C_TransferConfig
                0x0800c148       0x64 stm32l4xx_hal_i2c.o
 .text.HAL_I2CEx_ConfigAnalogFilter
                0x0800c1ac       0x96 stm32l4xx_hal_i2c_ex.o
                0x0800c1ac                HAL_I2CEx_ConfigAnalogFilter
 .text.HAL_I2CEx_ConfigDigitalFilter
                0x0800c242       0x98 stm32l4xx_hal_i2c_ex.o
                0x0800c242                HAL_I2CEx_ConfigDigitalFilter
 *fill*         0x0800c2da        0x2 
 .text.HAL_PWREx_EnableVddUSB
                0x0800c2dc       0x20 stm32l4xx_hal_pwr_ex.o
                0x0800c2dc                HAL_PWREx_EnableVddUSB
 .text.__NVIC_SetPriorityGrouping
                0x0800c2fc       0x48 stm32l4xx_hal_cortex.o
 .text.__NVIC_GetPriorityGrouping
                0x0800c344       0x1c stm32l4xx_hal_cortex.o
 .text.__NVIC_EnableIRQ
                0x0800c360       0x3c stm32l4xx_hal_cortex.o
 .text.__NVIC_DisableIRQ
                0x0800c39c       0x48 stm32l4xx_hal_cortex.o
 .text.__NVIC_SetPriority
                0x0800c3e4       0x54 stm32l4xx_hal_cortex.o
 .text.NVIC_EncodePriority
                0x0800c438       0x66 stm32l4xx_hal_cortex.o
 .text.HAL_NVIC_SetPriorityGrouping
                0x0800c49e       0x16 stm32l4xx_hal_cortex.o
                0x0800c49e                HAL_NVIC_SetPriorityGrouping
 .text.HAL_NVIC_SetPriority
                0x0800c4b4       0x38 stm32l4xx_hal_cortex.o
                0x0800c4b4                HAL_NVIC_SetPriority
 .text.HAL_NVIC_EnableIRQ
                0x0800c4ec       0x1c stm32l4xx_hal_cortex.o
                0x0800c4ec                HAL_NVIC_EnableIRQ
 .text.HAL_NVIC_DisableIRQ
                0x0800c508       0x1c stm32l4xx_hal_cortex.o
                0x0800c508                HAL_NVIC_DisableIRQ
 .text.LL_ADC_REG_SetSequencerLength
                0x0800c524       0x26 stm32l4xx_ll_adc.o
 .text.LL_ADC_IsEnabled
                0x0800c54a       0x26 stm32l4xx_ll_adc.o
 .text.LL_ADC_CommonInit
                0x0800c570       0x90 stm32l4xx_ll_adc.o
                0x0800c570                LL_ADC_CommonInit
 .text.LL_ADC_Init
                0x0800c600       0x4c stm32l4xx_ll_adc.o
                0x0800c600                LL_ADC_Init
 .text.LL_ADC_REG_Init
                0x0800c64c       0x94 stm32l4xx_ll_adc.o
                0x0800c64c                LL_ADC_REG_Init
 .text.HAL_TIM_Base_Init
                0x0800c6e0       0xae stm32l4xx_hal_tim.o
                0x0800c6e0                HAL_TIM_Base_Init
 *fill*         0x0800c78e        0x2 
 .text.HAL_TIM_Base_Start_IT
                0x0800c790       0xe0 stm32l4xx_hal_tim.o
                0x0800c790                HAL_TIM_Base_Start_IT
 .text.HAL_TIM_IRQHandler
                0x0800c870      0x23e stm32l4xx_hal_tim.o
                0x0800c870                HAL_TIM_IRQHandler
 .text.HAL_TIM_ConfigClockSource
                0x0800caae      0x192 stm32l4xx_hal_tim.o
                0x0800caae                HAL_TIM_ConfigClockSource
 .text.HAL_TIM_OC_DelayElapsedCallback
                0x0800cc40       0x14 stm32l4xx_hal_tim.o
                0x0800cc40                HAL_TIM_OC_DelayElapsedCallback
 .text.HAL_TIM_IC_CaptureCallback
                0x0800cc54       0x14 stm32l4xx_hal_tim.o
                0x0800cc54                HAL_TIM_IC_CaptureCallback
 .text.HAL_TIM_PWM_PulseFinishedCallback
                0x0800cc68       0x14 stm32l4xx_hal_tim.o
                0x0800cc68                HAL_TIM_PWM_PulseFinishedCallback
 .text.HAL_TIM_TriggerCallback
                0x0800cc7c       0x14 stm32l4xx_hal_tim.o
                0x0800cc7c                HAL_TIM_TriggerCallback
 .text.TIM_Base_SetConfig
                0x0800cc90      0x134 stm32l4xx_hal_tim.o
                0x0800cc90                TIM_Base_SetConfig
 .text.TIM_TI1_ConfigInputStage
                0x0800cdc4       0x5e stm32l4xx_hal_tim.o
 .text.TIM_TI2_ConfigInputStage
                0x0800ce22       0x60 stm32l4xx_hal_tim.o
 .text.TIM_ITRx_SetConfig
                0x0800ce82       0x36 stm32l4xx_hal_tim.o
 .text.TIM_ETR_SetConfig
                0x0800ceb8       0x40 stm32l4xx_hal_tim.o
                0x0800ceb8                TIM_ETR_SetConfig
 .text.HAL_TIMEx_MasterConfigSynchronization
                0x0800cef8      0x110 stm32l4xx_hal_tim_ex.o
                0x0800cef8                HAL_TIMEx_MasterConfigSynchronization
 .text.HAL_TIMEx_CommutCallback
                0x0800d008       0x14 stm32l4xx_hal_tim_ex.o
                0x0800d008                HAL_TIMEx_CommutCallback
 .text.HAL_TIMEx_BreakCallback
                0x0800d01c       0x14 stm32l4xx_hal_tim_ex.o
                0x0800d01c                HAL_TIMEx_BreakCallback
 .text.HAL_TIMEx_Break2Callback
                0x0800d030       0x14 stm32l4xx_hal_tim_ex.o
                0x0800d030                HAL_TIMEx_Break2Callback
 .text.LL_TIM_SetPrescaler
                0x0800d044       0x1c stm32l4xx_ll_tim.o
 .text.LL_TIM_SetAutoReload
                0x0800d060       0x1c stm32l4xx_ll_tim.o
 .text.LL_TIM_SetRepetitionCounter
                0x0800d07c       0x1c stm32l4xx_ll_tim.o
 .text.LL_TIM_OC_SetCompareCH1
                0x0800d098       0x1c stm32l4xx_ll_tim.o
 .text.LL_TIM_OC_SetCompareCH2
                0x0800d0b4       0x1c stm32l4xx_ll_tim.o
 .text.LL_TIM_OC_SetCompareCH3
                0x0800d0d0       0x1c stm32l4xx_ll_tim.o
 .text.LL_TIM_OC_SetCompareCH4
                0x0800d0ec       0x1c stm32l4xx_ll_tim.o
 .text.LL_TIM_OC_SetCompareCH5
                0x0800d108       0x20 stm32l4xx_ll_tim.o
 .text.LL_TIM_OC_SetCompareCH6
                0x0800d128       0x1c stm32l4xx_ll_tim.o
 .text.LL_TIM_GenerateEvent_UPDATE
                0x0800d144       0x20 stm32l4xx_ll_tim.o
 .text.LL_TIM_Init
                0x0800d164      0x128 stm32l4xx_ll_tim.o
                0x0800d164                LL_TIM_Init
 .text.LL_TIM_OC_Init
                0x0800d28c       0xbe stm32l4xx_ll_tim.o
                0x0800d28c                LL_TIM_OC_Init
 *fill*         0x0800d34a        0x2 
 .text.OC1Config
                0x0800d34c      0x100 stm32l4xx_ll_tim.o
 .text.OC2Config
                0x0800d44c      0x108 stm32l4xx_ll_tim.o
 .text.OC3Config
                0x0800d554      0x108 stm32l4xx_ll_tim.o
 .text.OC4Config
                0x0800d65c       0xd8 stm32l4xx_ll_tim.o
 .text.OC5Config
                0x0800d734       0xc8 stm32l4xx_ll_tim.o
 .text.OC6Config
                0x0800d7fc       0xc8 stm32l4xx_ll_tim.o
 .text.LL_USART_IsEnabled
                0x0800d8c4       0x26 stm32l4xx_ll_usart.o
 .text.LL_USART_SetStopBitsLength
                0x0800d8ea       0x26 stm32l4xx_ll_usart.o
 .text.LL_USART_SetHWFlowCtrl
                0x0800d910       0x26 stm32l4xx_ll_usart.o
 .text.LL_USART_SetBaudRate
                0x0800d936       0x6e stm32l4xx_ll_usart.o
 .text.LL_USART_Init
                0x0800d9a4       0xf8 stm32l4xx_ll_usart.o
                0x0800d9a4                LL_USART_Init
 .text.LL_RCC_HSI_IsReady
                0x0800da9c       0x28 stm32l4xx_ll_rcc.o
 .text.LL_RCC_LSE_IsReady
                0x0800dac4       0x28 stm32l4xx_ll_rcc.o
 .text.LL_RCC_MSI_IsEnabledRangeSelect
                0x0800daec       0x24 stm32l4xx_ll_rcc.o
 .text.LL_RCC_MSI_GetRange
                0x0800db10       0x1c stm32l4xx_ll_rcc.o
 .text.LL_RCC_MSI_GetRangeAfterStandby
                0x0800db2c       0x1c stm32l4xx_ll_rcc.o
 .text.LL_RCC_GetSysClkSource
                0x0800db48       0x1c stm32l4xx_ll_rcc.o
 .text.LL_RCC_GetAHBPrescaler
                0x0800db64       0x1c stm32l4xx_ll_rcc.o
 .text.LL_RCC_GetAPB1Prescaler
                0x0800db80       0x1c stm32l4xx_ll_rcc.o
 .text.LL_RCC_GetAPB2Prescaler
                0x0800db9c       0x1c stm32l4xx_ll_rcc.o
 .text.LL_RCC_GetUSARTClockSource
                0x0800dbb8       0x28 stm32l4xx_ll_rcc.o
 .text.LL_RCC_GetUARTClockSource
                0x0800dbe0       0x28 stm32l4xx_ll_rcc.o
 .text.LL_RCC_PLL_GetMainSource
                0x0800dc08       0x1c stm32l4xx_ll_rcc.o
 .text.LL_RCC_PLL_GetN
                0x0800dc24       0x1c stm32l4xx_ll_rcc.o
 .text.LL_RCC_PLL_GetR
                0x0800dc40       0x1c stm32l4xx_ll_rcc.o
 .text.LL_RCC_PLL_GetDivider
                0x0800dc5c       0x1c stm32l4xx_ll_rcc.o
 .text.LL_RCC_GetUSARTClockFreq
                0x0800dc78      0x1c4 stm32l4xx_ll_rcc.o
                0x0800dc78                LL_RCC_GetUSARTClockFreq
 .text.LL_RCC_GetUARTClockFreq
                0x0800de3c      0x128 stm32l4xx_ll_rcc.o
                0x0800de3c                LL_RCC_GetUARTClockFreq
 .text.RCC_GetSystemClockFreq
                0x0800df64      0x120 stm32l4xx_ll_rcc.o
 .text.RCC_GetHCLKClockFreq
                0x0800e084       0x2c stm32l4xx_ll_rcc.o
 .text.RCC_GetPCLK1ClockFreq
                0x0800e0b0       0x28 stm32l4xx_ll_rcc.o
 .text.RCC_GetPCLK2ClockFreq
                0x0800e0d8       0x28 stm32l4xx_ll_rcc.o
 .text.RCC_PLL_GetFreqDomain_SYS
                0x0800e100      0x118 stm32l4xx_ll_rcc.o
 .text.USBD_Init
                0x0800e218       0x60 usbd_core.o
                0x0800e218                USBD_Init
 .text.USBD_RegisterClass
                0x0800e278       0x4e usbd_core.o
                0x0800e278                USBD_RegisterClass
 .text.USBD_Start
                0x0800e2c6       0x18 usbd_core.o
                0x0800e2c6                USBD_Start
 .text.USBD_RunTestMode
                0x0800e2de       0x16 usbd_core.o
                0x0800e2de                USBD_RunTestMode
 .text.USBD_SetClassConfig
                0x0800e2f4       0x38 usbd_core.o
                0x0800e2f4                USBD_SetClassConfig
 .text.USBD_ClrClassConfig
                0x0800e32c       0x30 usbd_core.o
                0x0800e32c                USBD_ClrClassConfig
 .text.USBD_LL_SetupStage
                0x0800e35c       0xaa usbd_core.o
                0x0800e35c                USBD_LL_SetupStage
 .text.USBD_LL_DataOutStage
                0x0800e406       0xc6 usbd_core.o
                0x0800e406                USBD_LL_DataOutStage
 .text.USBD_LL_DataInStage
                0x0800e4cc      0x12c usbd_core.o
                0x0800e4cc                USBD_LL_DataInStage
 .text.USBD_LL_Reset
                0x0800e5f8       0x9c usbd_core.o
                0x0800e5f8                USBD_LL_Reset
 .text.USBD_LL_SetSpeed
                0x0800e694       0x20 usbd_core.o
                0x0800e694                USBD_LL_SetSpeed
 .text.USBD_LL_Suspend
                0x0800e6b4       0x2c usbd_core.o
                0x0800e6b4                USBD_LL_Suspend
 .text.USBD_LL_Resume
                0x0800e6e0       0x30 usbd_core.o
                0x0800e6e0                USBD_LL_Resume
 .text.USBD_LL_SOF
                0x0800e710       0x44 usbd_core.o
                0x0800e710                USBD_LL_SOF
 .text.USBD_LL_IsoINIncomplete
                0x0800e754       0x4c usbd_core.o
                0x0800e754                USBD_LL_IsoINIncomplete
 .text.USBD_LL_IsoOUTIncomplete
                0x0800e7a0       0x4c usbd_core.o
                0x0800e7a0                USBD_LL_IsoOUTIncomplete
 .text.USBD_LL_DevConnected
                0x0800e7ec       0x16 usbd_core.o
                0x0800e7ec                USBD_LL_DevConnected
 .text.USBD_LL_DevDisconnected
                0x0800e802       0x38 usbd_core.o
                0x0800e802                USBD_LL_DevDisconnected
 .text.SWAPBYTE
                0x0800e83a       0x3e usbd_ctlreq.o
 .text.USBD_StdDevReq
                0x0800e878       0xdc usbd_ctlreq.o
                0x0800e878                USBD_StdDevReq
 .text.USBD_StdItfReq
                0x0800e954       0x92 usbd_ctlreq.o
                0x0800e954                USBD_StdItfReq
 .text.USBD_StdEPReq
                0x0800e9e6      0x2c4 usbd_ctlreq.o
                0x0800e9e6                USBD_StdEPReq
 *fill*         0x0800ecaa        0x2 
 .text.USBD_GetDescriptor
                0x0800ecac      0x328 usbd_ctlreq.o
 .text.USBD_SetAddress
                0x0800efd4       0x88 usbd_ctlreq.o
 .text.USBD_SetConfig
                0x0800f05c      0x14c usbd_ctlreq.o
 .text.USBD_GetConfig
                0x0800f1a8       0x6c usbd_ctlreq.o
 .text.USBD_GetStatus
                0x0800f214       0x68 usbd_ctlreq.o
 .text.USBD_SetFeature
                0x0800f27c       0x28 usbd_ctlreq.o
 .text.USBD_ClrFeature
                0x0800f2a4       0x44 usbd_ctlreq.o
 .text.USBD_ParseSetupRequest
                0x0800f2e8       0x74 usbd_ctlreq.o
                0x0800f2e8                USBD_ParseSetupRequest
 .text.USBD_CtlError
                0x0800f35c       0x22 usbd_ctlreq.o
                0x0800f35c                USBD_CtlError
 .text.USBD_GetString
                0x0800f37e       0x8c usbd_ctlreq.o
                0x0800f37e                USBD_GetString
 .text.USBD_GetLen
                0x0800f40a       0x34 usbd_ctlreq.o
 .text.USBD_CtlSendData
                0x0800f43e       0x36 usbd_ioreq.o
                0x0800f43e                USBD_CtlSendData
 .text.USBD_CtlContinueSendData
                0x0800f474       0x22 usbd_ioreq.o
                0x0800f474                USBD_CtlContinueSendData
 .text.USBD_CtlPrepareRx
                0x0800f496       0x3a usbd_ioreq.o
                0x0800f496                USBD_CtlPrepareRx
 .text.USBD_CtlContinueRx
                0x0800f4d0       0x22 usbd_ioreq.o
                0x0800f4d0                USBD_CtlContinueRx
 .text.USBD_CtlSendStatus
                0x0800f4f2       0x26 usbd_ioreq.o
                0x0800f4f2                USBD_CtlSendStatus
 .text.USBD_CtlReceiveStatus
                0x0800f518       0x26 usbd_ioreq.o
                0x0800f518                USBD_CtlReceiveStatus
 .text.USBD_CDC_Init
                0x0800f53e       0xfe usbd_cdc.o
 .text.USBD_CDC_DeInit
                0x0800f63c       0x74 usbd_cdc.o
 .text.USBD_CDC_Setup
                0x0800f6b0      0x190 usbd_cdc.o
 .text.USBD_CDC_DataIn
                0x0800f840       0xca usbd_cdc.o
 .text.USBD_CDC_DataOut
                0x0800f90a       0x56 usbd_cdc.o
 .text.USBD_CDC_EP0_RxReady
                0x0800f960       0x58 usbd_cdc.o
 .text.USBD_CDC_GetFSCfgDesc
                0x0800f9b8       0x20 usbd_cdc.o
 .text.USBD_CDC_GetHSCfgDesc
                0x0800f9d8       0x20 usbd_cdc.o
 .text.USBD_CDC_GetOtherSpeedCfgDesc
                0x0800f9f8       0x20 usbd_cdc.o
 .text.USBD_CDC_GetDeviceQualifierDescriptor
                0x0800fa18       0x20 usbd_cdc.o
                0x0800fa18                USBD_CDC_GetDeviceQualifierDescriptor
 .text.USBD_CDC_RegisterInterface
                0x0800fa38       0x2a usbd_cdc.o
                0x0800fa38                USBD_CDC_RegisterInterface
 .text.USBD_CDC_SetTxBuffer
                0x0800fa62       0x3c usbd_cdc.o
                0x0800fa62                USBD_CDC_SetTxBuffer
 .text.USBD_CDC_SetRxBuffer
                0x0800fa9e       0x32 usbd_cdc.o
                0x0800fa9e                USBD_CDC_SetRxBuffer
 .text.USBD_CDC_TransmitPacket
                0x0800fad0       0x60 usbd_cdc.o
                0x0800fad0                USBD_CDC_TransmitPacket
 .text.USBD_CDC_ReceivePacket
                0x0800fb30       0x54 usbd_cdc.o
                0x0800fb30                USBD_CDC_ReceivePacket
 .text.SystemInit
                0x0800fb84       0x24 system_stm32l4xx.o
                0x0800fb84                SystemInit
 .text.Reset_Handler
                0x0800fba8       0x50 startup_stm32l476vetx.o
                0x0800fba8                Reset_Handler
 .text.Default_Handler
                0x0800fbf8        0x2 startup_stm32l476vetx.o
                0x0800fbf8                RTC_Alarm_IRQHandler
                0x0800fbf8                EXTI2_IRQHandler
                0x0800fbf8                TIM8_TRG_COM_IRQHandler
                0x0800fbf8                TIM8_CC_IRQHandler
                0x0800fbf8                TIM1_CC_IRQHandler
                0x0800fbf8                TSC_IRQHandler
                0x0800fbf8                TAMP_STAMP_IRQHandler
                0x0800fbf8                EXTI3_IRQHandler
                0x0800fbf8                LPTIM2_IRQHandler
                0x0800fbf8                DFSDM1_FLT1_IRQHandler
                0x0800fbf8                I2C3_ER_IRQHandler
                0x0800fbf8                DFSDM1_FLT2_IRQHandler
                0x0800fbf8                EXTI0_IRQHandler
                0x0800fbf8                I2C2_EV_IRQHandler
                0x0800fbf8                CAN1_RX0_IRQHandler
                0x0800fbf8                FPU_IRQHandler
                0x0800fbf8                SPI1_IRQHandler
                0x0800fbf8                TIM6_DAC_IRQHandler
                0x0800fbf8                TIM8_UP_IRQHandler
                0x0800fbf8                DMA2_Channel2_IRQHandler
                0x0800fbf8                DMA1_Channel4_IRQHandler
                0x0800fbf8                SAI2_IRQHandler
                0x0800fbf8                DFSDM1_FLT3_IRQHandler
                0x0800fbf8                USART3_IRQHandler
                0x0800fbf8                CAN1_RX1_IRQHandler
                0x0800fbf8                LCD_IRQHandler
                0x0800fbf8                UART5_IRQHandler
                0x0800fbf8                ADC3_IRQHandler
                0x0800fbf8                TIM4_IRQHandler
                0x0800fbf8                DMA2_Channel1_IRQHandler
                0x0800fbf8                QUADSPI_IRQHandler
                0x0800fbf8                I2C1_EV_IRQHandler
                0x0800fbf8                UART4_IRQHandler
                0x0800fbf8                DMA2_Channel4_IRQHandler
                0x0800fbf8                TIM3_IRQHandler
                0x0800fbf8                RCC_IRQHandler
                0x0800fbf8                Default_Handler
                0x0800fbf8                DMA2_Channel7_IRQHandler
                0x0800fbf8                EXTI15_10_IRQHandler
                0x0800fbf8                TIM7_IRQHandler
                0x0800fbf8                SDMMC1_IRQHandler
                0x0800fbf8                TIM5_IRQHandler
                0x0800fbf8                I2C3_EV_IRQHandler
                0x0800fbf8                EXTI9_5_IRQHandler
                0x0800fbf8                RTC_WKUP_IRQHandler
                0x0800fbf8                PVD_PVM_IRQHandler
                0x0800fbf8                SPI2_IRQHandler
                0x0800fbf8                CAN1_TX_IRQHandler
                0x0800fbf8                DMA2_Channel5_IRQHandler
                0x0800fbf8                DMA1_Channel5_IRQHandler
                0x0800fbf8                EXTI4_IRQHandler
                0x0800fbf8                RNG_IRQHandler
                0x0800fbf8                TIM1_TRG_COM_TIM17_IRQHandler
                0x0800fbf8                DMA1_Channel3_IRQHandler
                0x0800fbf8                COMP_IRQHandler
                0x0800fbf8                WWDG_IRQHandler
                0x0800fbf8                LPUART1_IRQHandler
                0x0800fbf8                DMA2_Channel6_IRQHandler
                0x0800fbf8                TIM2_IRQHandler
                0x0800fbf8                EXTI1_IRQHandler
                0x0800fbf8                USART2_IRQHandler
                0x0800fbf8                DFSDM1_FLT0_IRQHandler
                0x0800fbf8                I2C2_ER_IRQHandler
                0x0800fbf8                TIM8_BRK_IRQHandler
                0x0800fbf8                CAN1_SCE_IRQHandler
                0x0800fbf8                FLASH_IRQHandler
                0x0800fbf8                USART1_IRQHandler
                0x0800fbf8                SPI3_IRQHandler
                0x0800fbf8                I2C1_ER_IRQHandler
                0x0800fbf8                FMC_IRQHandler
                0x0800fbf8                SWPMI1_IRQHandler
                0x0800fbf8                LPTIM1_IRQHandler
                0x0800fbf8                SAI1_IRQHandler
                0x0800fbf8                DMA2_Channel3_IRQHandler
                0x0800fbf8                TIM1_BRK_TIM15_IRQHandler
 .text.xilUploadProfilingData
                0x0800fbfa       0x16 code_profiling_utility_functions.o
                0x0800fbfa                xilUploadProfilingData
 .text.taskTimeStart_MicroMouseTemplate
                0x0800fc10       0x16 code_profiling_utility_functions.o
                0x0800fc10                taskTimeStart_MicroMouseTemplate
 .text.taskTimeEnd_MicroMouseTemplate
                0x0800fc26       0x20 code_profiling_utility_functions.o
                0x0800fc26                taskTimeEnd_MicroMouseTemplate
 *fill*         0x0800fc46        0x2 
 .text.fmod     0x0800fc48       0x6c C:/ProgramData/MATLAB/SupportPackages/R2024b/3P.instrset/gnuarm-armcortex.instrset/win/bin/../lib/gcc/arm-none-eabi/13.2.1/thumb/v7e-m+fp/hard\libm.a(libm_a-w_fmod.o)
                0x0800fc48                fmod
 *fill*         0x0800fcb4        0x4 
 .text.floor    0x0800fcb8      0x108 C:/ProgramData/MATLAB/SupportPackages/R2024b/3P.instrset/gnuarm-armcortex.instrset/win/bin/../lib/gcc/arm-none-eabi/13.2.1/thumb/v7e-m+fp/hard\libm.a(libm_a-s_floor.o)
                0x0800fcb8                floor
 .text.__ieee754_fmod
                0x0800fdc0      0x30c C:/ProgramData/MATLAB/SupportPackages/R2024b/3P.instrset/gnuarm-armcortex.instrset/win/bin/../lib/gcc/arm-none-eabi/13.2.1/thumb/v7e-m+fp/hard\libm.a(libm_a-e_fmod.o)
                0x0800fdc0                __ieee754_fmod
 .text.memset   0x080100cc       0x10 C:/ProgramData/MATLAB/SupportPackages/R2024b/3P.instrset/gnuarm-armcortex.instrset/win/bin/../lib/gcc/arm-none-eabi/13.2.1/thumb/v7e-m+fp/hard\libc_nano.a(libc_a-memset.o)
                0x080100cc                memset
 .text.__errno  0x080100dc        0xc C:/ProgramData/MATLAB/SupportPackages/R2024b/3P.instrset/gnuarm-armcortex.instrset/win/bin/../lib/gcc/arm-none-eabi/13.2.1/thumb/v7e-m+fp/hard\libc_nano.a(libc_a-errno.o)
                0x080100dc                __errno
 .text.__libc_init_array
                0x080100e8       0x48 C:/ProgramData/MATLAB/SupportPackages/R2024b/3P.instrset/gnuarm-armcortex.instrset/win/bin/../lib/gcc/arm-none-eabi/13.2.1/thumb/v7e-m+fp/hard\libc_nano.a(libc_a-init.o)
                0x080100e8                __libc_init_array
 .text.memcpy   0x08010130       0x1c C:/ProgramData/MATLAB/SupportPackages/R2024b/3P.instrset/gnuarm-armcortex.instrset/win/bin/../lib/gcc/arm-none-eabi/13.2.1/thumb/v7e-m+fp/hard\libc_nano.a(libc_a-memcpy-stub.o)
                0x08010130                memcpy
 *(.glue_7)
 .glue_7        0x0801014c        0x0 linker stubs
 *(.glue_7t)
 .glue_7t       0x0801014c        0x0 linker stubs
 *(.eh_frame)
 .eh_frame      0x0801014c        0x0 C:/ProgramData/MATLAB/SupportPackages/R2024b/3P.instrset/gnuarm-armcortex.instrset/win/bin/../lib/gcc/arm-none-eabi/13.2.1/thumb/v7e-m+fp/hard/crtbegin.o
 *(.init)
 .init          0x0801014c        0x4 C:/ProgramData/MATLAB/SupportPackages/R2024b/3P.instrset/gnuarm-armcortex.instrset/win/bin/../lib/gcc/arm-none-eabi/13.2.1/thumb/v7e-m+fp/hard/crti.o
                0x0801014c                _init
 .init          0x08010150        0x8 C:/ProgramData/MATLAB/SupportPackages/R2024b/3P.instrset/gnuarm-armcortex.instrset/win/bin/../lib/gcc/arm-none-eabi/13.2.1/thumb/v7e-m+fp/hard/crtn.o
 *(.fini)
 .fini          0x08010158        0x4 C:/ProgramData/MATLAB/SupportPackages/R2024b/3P.instrset/gnuarm-armcortex.instrset/win/bin/../lib/gcc/arm-none-eabi/13.2.1/thumb/v7e-m+fp/hard/crti.o
                0x08010158                _fini
 .fini          0x0801015c        0x8 C:/ProgramData/MATLAB/SupportPackages/R2024b/3P.instrset/gnuarm-armcortex.instrset/win/bin/../lib/gcc/arm-none-eabi/13.2.1/thumb/v7e-m+fp/hard/crtn.o
                0x08010164                        . = ALIGN (0x4)
                0x08010164                        _etext = .

.vfp11_veneer   0x08010164        0x0
 .vfp11_veneer  0x08010164        0x0 linker stubs

.v4_bx          0x08010164        0x0
 .v4_bx         0x08010164        0x0 linker stubs

.iplt           0x08010164        0x0
 .iplt          0x08010164        0x0 C:/ProgramData/MATLAB/SupportPackages/R2024b/3P.instrset/gnuarm-armcortex.instrset/win/bin/../lib/gcc/arm-none-eabi/13.2.1/thumb/v7e-m+fp/hard/crtbegin.o

.rodata         0x08010168       0xe0
                0x08010168                        . = ALIGN (0x4)
 *(.rodata)
 .rodata        0x08010168        0x9 CustomWhile.o
 *fill*         0x08010171        0x3 
 .rodata        0x08010174       0x46 usbd_desc.o
 *(.rodata*)
 *fill*         0x080101ba        0x2 
 .rodata.CHANNEL_OFFSET_TAB
                0x080101bc        0x7 stm_adc_ll.o
 *fill*         0x080101c3        0x1 
 .rodata.MicroMouseTemplate_M
                0x080101c4        0x4 MicroMouseTemplate.o
                0x080101c4                MicroMouseTemplate_M
 .rodata.CHANNEL_OFFSET_TAB
                0x080101c8        0x7 adc.o
 *fill*         0x080101cf        0x1 
 .rodata.OFFSET_TAB_CCMRx
                0x080101d0        0x9 tim.o
 *fill*         0x080101d9        0x3 
 .rodata.SHIFT_TAB_OCxx
                0x080101dc        0x9 tim.o
 *fill*         0x080101e5        0x3 
 .rodata.CHANNEL_OFFSET_TAB
                0x080101e8        0x7 usart.o
 *fill*         0x080101ef        0x1 
 .rodata.AHBPrescTable
                0x080101f0       0x10 system_stm32l4xx.o
                0x080101f0                AHBPrescTable
 .rodata.APBPrescTable
                0x08010200        0x8 system_stm32l4xx.o
                0x08010200                APBPrescTable
 .rodata.MSIRangeTable
                0x08010208       0x30 system_stm32l4xx.o
                0x08010208                MSIRangeTable
 .rodata.Zero   0x08010238       0x10 C:/ProgramData/MATLAB/SupportPackages/R2024b/3P.instrset/gnuarm-armcortex.instrset/win/bin/../lib/gcc/arm-none-eabi/13.2.1/thumb/v7e-m+fp/hard\libm.a(libm_a-e_fmod.o)
                0x08010248                        . = ALIGN (0x4)

.rel.dyn        0x08010248        0x0
 .rel.iplt      0x08010248        0x0 C:/ProgramData/MATLAB/SupportPackages/R2024b/3P.instrset/gnuarm-armcortex.instrset/win/bin/../lib/gcc/arm-none-eabi/13.2.1/thumb/v7e-m+fp/hard/crtbegin.o

.ARM.extab      0x08010248        0x0
                0x08010248                        . = ALIGN (0x4)
 *(.ARM.extab* .gnu.linkonce.armextab.*)
                0x08010248                        . = ALIGN (0x4)

.ARM            0x08010248        0x0
                0x08010248                        . = ALIGN (0x4)
                0x08010248                        __exidx_start = .
 *(.ARM.exidx*)
                0x08010248                        __exidx_end = .
                0x08010248                        . = ALIGN (0x4)

.preinit_array  0x08010248        0x0
                0x08010248                        . = ALIGN (0x4)
                0x08010248                        PROVIDE (__preinit_array_start = .)
 *(.preinit_array*)
                0x08010248                        PROVIDE (__preinit_array_end = .)
                0x08010248                        . = ALIGN (0x4)

.init_array     0x08010248        0x4
                0x08010248                        . = ALIGN (0x4)
                0x08010248                        PROVIDE (__init_array_start = .)
 *(SORT_BY_NAME(.init_array.*))
 *(.init_array*)
 .init_array    0x08010248        0x4 C:/ProgramData/MATLAB/SupportPackages/R2024b/3P.instrset/gnuarm-armcortex.instrset/win/bin/../lib/gcc/arm-none-eabi/13.2.1/thumb/v7e-m+fp/hard/crtbegin.o
                0x0801024c                        PROVIDE (__init_array_end = .)
                0x0801024c                        . = ALIGN (0x4)

.fini_array     0x0801024c        0x4
                0x0801024c                        . = ALIGN (0x4)
                [!provide]                        PROVIDE (__fini_array_start = .)
 *(SORT_BY_NAME(.fini_array.*))
 *(.fini_array*)
 .fini_array    0x0801024c        0x4 C:/ProgramData/MATLAB/SupportPackages/R2024b/3P.instrset/gnuarm-armcortex.instrset/win/bin/../lib/gcc/arm-none-eabi/13.2.1/thumb/v7e-m+fp/hard/crtbegin.o
                [!provide]                        PROVIDE (__fini_array_end = .)
                0x08010250                        . = ALIGN (0x4)
                0x08010250                        _sidata = LOADADDR (.data)

.data           0x20000000      0x298 load address 0x08010250
                0x20000000                        . = ALIGN (0x4)
                0x20000000                        _sdata = .
 *(.data)
 *(.data*)
 .data.MicroMouseTemplate_P
                0x20000000       0xb8 MicroMouseTemplate_data.o
                0x20000000                MicroMouseTemplate_P
 .data.FS_Desc  0x200000b8       0x20 usbd_desc.o
                0x200000b8                FS_Desc
 .data.USBD_FS_DeviceDesc
                0x200000d8       0x12 usbd_desc.o
                0x200000d8                USBD_FS_DeviceDesc
 *fill*         0x200000ea        0x2 
 .data.USBD_FS_BOSDesc
                0x200000ec        0xc usbd_desc.o
                0x200000ec                USBD_FS_BOSDesc
 .data.USBD_LangIDDesc
                0x200000f8        0x4 usbd_desc.o
                0x200000f8                USBD_LangIDDesc
 .data.USBD_StringSerial
                0x200000fc       0x1a usbd_desc.o
                0x200000fc                USBD_StringSerial
 *fill*         0x20000116        0x2 
 .data.USBD_Interface_fops_FS
                0x20000118       0x14 usbd_cdc_if.o
                0x20000118                USBD_Interface_fops_FS
 .data.uwTickPrio
                0x2000012c        0x4 stm32l4xx_hal.o
                0x2000012c                uwTickPrio
 .data.uwTickFreq
                0x20000130        0x1 stm32l4xx_hal.o
                0x20000130                uwTickFreq
 *fill*         0x20000131        0x3 
 .data.USBD_CDC_DeviceQualifierDesc
                0x20000134        0xa usbd_cdc.o
 *fill*         0x2000013e        0x2 
 .data.USBD_CDC
                0x20000140       0x38 usbd_cdc.o
                0x20000140                USBD_CDC
 .data.USBD_CDC_CfgHSDesc
                0x20000178       0x43 usbd_cdc.o
 *fill*         0x200001bb        0x1 
 .data.USBD_CDC_CfgFSDesc
                0x200001bc       0x43 usbd_cdc.o
 *fill*         0x200001ff        0x1 
 .data.USBD_CDC_OtherSpeedCfgDesc
                0x20000200       0x43 usbd_cdc.o
 *fill*         0x20000243        0x1 
 .data.SystemCoreClock
                0x20000244        0x4 system_stm32l4xx.o
                0x20000244                SystemCoreClock
 .data._impure_ptr
                0x20000248        0x4 C:/ProgramData/MATLAB/SupportPackages/R2024b/3P.instrset/gnuarm-armcortex.instrset/win/bin/../lib/gcc/arm-none-eabi/13.2.1/thumb/v7e-m+fp/hard\libc_nano.a(libc_a-impure.o)
                0x20000248                _impure_ptr
 .data._impure_data
                0x2000024c       0x4c C:/ProgramData/MATLAB/SupportPackages/R2024b/3P.instrset/gnuarm-armcortex.instrset/win/bin/../lib/gcc/arm-none-eabi/13.2.1/thumb/v7e-m+fp/hard\libc_nano.a(libc_a-impure.o)
                0x2000024c                _impure_data
 *(.RamFunc)
 *(.RamFunc*)
                0x20000298                        . = ALIGN (0x4)
                0x20000298                        _edata = .

.tm_clone_table
                0x20000298        0x0 load address 0x080104e8
 .tm_clone_table
                0x20000298        0x0 C:/ProgramData/MATLAB/SupportPackages/R2024b/3P.instrset/gnuarm-armcortex.instrset/win/bin/../lib/gcc/arm-none-eabi/13.2.1/thumb/v7e-m+fp/hard/crtbegin.o
 .tm_clone_table
                0x20000298        0x0 C:/ProgramData/MATLAB/SupportPackages/R2024b/3P.instrset/gnuarm-armcortex.instrset/win/bin/../lib/gcc/arm-none-eabi/13.2.1/thumb/v7e-m+fp/hard/crtend.o

.igot.plt       0x20000298        0x0 load address 0x080104e8
 .igot.plt      0x20000298        0x0 C:/ProgramData/MATLAB/SupportPackages/R2024b/3P.instrset/gnuarm-armcortex.instrset/win/bin/../lib/gcc/arm-none-eabi/13.2.1/thumb/v7e-m+fp/hard/crtbegin.o
                0x20000298                        . = ALIGN (0x4)

.bss            0x20000298     0x45f0 load address 0x080104e8
                0x20000298                        _sbss = .
                0x20000298                        __bss_start__ = _sbss
 *(.bss)
 *(.bss*)
 .bss.completed.1
                0x20000298        0x1 C:/ProgramData/MATLAB/SupportPackages/R2024b/3P.instrset/gnuarm-armcortex.instrset/win/bin/../lib/gcc/arm-none-eabi/13.2.1/thumb/v7e-m+fp/hard/crtbegin.o
 *fill*         0x20000299        0x3 
 .bss.object.0  0x2000029c       0x18 C:/ProgramData/MATLAB/SupportPackages/R2024b/3P.instrset/gnuarm-armcortex.instrset/win/bin/../lib/gcc/arm-none-eabi/13.2.1/thumb/v7e-m+fp/hard/crtbegin.o
 .bss.mw_tim3   0x200002b4       0x8c stm_timer_ll.o
                0x200002b4                mw_tim3
 .bss.mw_adc2   0x20000340       0x1c stm_adc_ll.o
                0x20000340                mw_adc2
 .bss.IMU_Accel
                0x2000035c        0xc MicroMouseTemplate.o
                0x2000035c                IMU_Accel
 .bss.IMU_Gyro  0x20000368        0xc MicroMouseTemplate.o
                0x20000368                IMU_Gyro
 .bss.currTicksRS
                0x20000374        0x4 MicroMouseTemplate.o
                0x20000374                currTicksRS
 .bss.currTicksLS
                0x20000378        0x4 MicroMouseTemplate.o
                0x20000378                currTicksLS
 .bss.Thresholds
                0x2000037c       0x10 MicroMouseTemplate.o
                0x2000037c                Thresholds
 .bss.ADC1s     0x2000038c       0x12 MicroMouseTemplate.o
                0x2000038c                ADC1s
 *fill*         0x2000039e        0x2 
 .bss.ADC_H     0x200003a0       0x12 MicroMouseTemplate.o
                0x200003a0                ADC_H
 *fill*         0x200003b2        0x2 
 .bss.ADC_L     0x200003b4       0x12 MicroMouseTemplate.o
                0x200003b4                ADC_L
 *fill*         0x200003c6        0x2 
 .bss.Detections
                0x200003c8        0x8 MicroMouseTemplate.o
                0x200003c8                Detections
 .bss.MicroMouseTemplate_B
                0x200003d0      0x898 MicroMouseTemplate.o
                0x200003d0                MicroMouseTemplate_B
 .bss.MicroMouseTemplate_DW
                0x20000c68      0x9f8 MicroMouseTemplate.o
                0x20000c68                MicroMouseTemplate_DW
 .bss.MicroMouseTemplate_M_
                0x20001660        0x4 MicroMouseTemplate.o
 .bss.profilingDataIdx
                0x20001664        0x4 ert_main.o
                0x20001664                profilingDataIdx
 .bss._tmwrunningCoreID
                0x20001668        0x4 ert_main.o
                0x20001668                _tmwrunningCoreID
 .bss.profilingData
                0x2000166c     0x12c0 ert_main.o
                0x2000166c                profilingData
 .bss.IsrOverrun
                0x2000292c        0x4 ert_main.o
                0x2000292c                IsrOverrun
 .bss.OverrunFlag
                0x20002930        0x1 ert_main.o
 .bss.stopRequested
                0x20002931        0x1 ert_main.o
                0x20002931                stopRequested
 .bss.runModel  0x20002932        0x1 ert_main.o
                0x20002932                runModel
 .bss.checkIMU  0x20002933        0x1 IMU.o
                0x20002933                checkIMU
 .bss.diag_ProSW
                0x20002934        0x2 CustomWhile.o
                0x20002934                diag_ProSW
 *fill*         0x20002936        0x2 
 .bss.diag_ProLED
                0x20002938        0x3 CustomWhile.o
                0x20002938                diag_ProLED
 *fill*         0x2000293b        0x1 
 .bss.diag_IR_LEDs
                0x2000293c        0x8 CustomWhile.o
                0x2000293c                diag_IR_LEDs
 .bss.IR_LED_TIMER
                0x20002944        0x4 CustomWhile.o
                0x20002944                IR_LED_TIMER
 .bss.diag_MOT_L
                0x20002948        0x4 CustomWhile.o
                0x20002948                diag_MOT_L
 .bss.diag_MOT_R
                0x2000294c        0x4 CustomWhile.o
                0x2000294c                diag_MOT_R
 .bss.schdl_counter
                0x20002950        0x4 SysTickScheduler.o
                0x20002950                schdl_counter
 .bss.schdl_counter_max
                0x20002954        0x4 SysTickScheduler.o
                0x20002954                schdl_counter_max
 .bss.taskToSchedule
                0x20002958        0x4 m3m4m4f_multitasking.o
                0x20002958                taskToSchedule
 .bss.hi2c2     0x2000295c       0x54 i2c.o
                0x2000295c                hi2c2
 .bss.htim4     0x200029b0       0x4c tim.o
                0x200029b0                htim4
 .bss.hUsbDeviceFS
                0x200029fc      0x2d0 usb_device.o
                0x200029fc                hUsbDeviceFS
 .bss.hpcd_USB_OTG_FS
                0x20002ccc      0x50c usbd_conf.o
                0x20002ccc                hpcd_USB_OTG_FS
 .bss.mem.0     0x200031d8      0x220 usbd_conf.o
 .bss.USBD_StrDesc
                0x200033f8      0x200 usbd_desc.o
                0x200033f8                USBD_StrDesc
 .bss.usb_rx_buffer
                0x200035f8      0x100 usbd_cdc_if.o
                0x200035f8                usb_rx_buffer
 .bss.usb_rx_index
                0x200036f8        0x1 usbd_cdc_if.o
                0x200036f8                usb_rx_index
 *fill*         0x200036f9        0x3 
 .bss.UserRxBufferFS
                0x200036fc      0x800 usbd_cdc_if.o
                0x200036fc                UserRxBufferFS
 .bss.UserTxBufferFS
                0x20003efc      0x800 usbd_cdc_if.o
                0x20003efc                UserTxBufferFS
 .bss.htim1     0x200046fc       0x4c stm32l4xx_hal_timebase_tim.o
                0x200046fc                htim1
 .bss.uwTick    0x20004748        0x4 stm32l4xx_hal.o
                0x20004748                uwTick
 .bss.cfgidx.0  0x2000474c        0x1 usbd_ctlreq.o
 *fill*         0x2000474d        0x3 
 .bss.__sf      0x20004750      0x138 C:/ProgramData/MATLAB/SupportPackages/R2024b/3P.instrset/gnuarm-armcortex.instrset/win/bin/../lib/gcc/arm-none-eabi/13.2.1/thumb/v7e-m+fp/hard\libc_nano.a(libc_a-findfp.o)
                0x20004750                __sf
 *(COMMON)
                0x20004888                        . = ALIGN (0x4)
                0x20004888                        _ebss = .
                0x20004888                        __bss_end__ = _ebss

._user_heap_stack
                0x20004888      0x600 load address 0x080104e8
                0x20004888                        . = ALIGN (0x8)
                [!provide]                        PROVIDE (end = .)
                0x20004888                        PROVIDE (_end = .)
                0x20004a88                        . = (. + _Min_Heap_Size)
 *fill*         0x20004888      0x200 
                0x20004e88                        . = (. + _Min_Stack_Size)
 *fill*         0x20004a88      0x400 
                0x20004e88                        . = ALIGN (0x8)

/DISCARD/
 libc.a(*)
 libm.a(*)
 libgcc.a(*)

.ARM.attributes
                0x00000000       0x30
 *(.ARM.attributes)
 .ARM.attributes
                0x00000000       0x22 C:/ProgramData/MATLAB/SupportPackages/R2024b/3P.instrset/gnuarm-armcortex.instrset/win/bin/../lib/gcc/arm-none-eabi/13.2.1/thumb/v7e-m+fp/hard/crti.o
 .ARM.attributes
                0x00000022       0x34 C:/ProgramData/MATLAB/SupportPackages/R2024b/3P.instrset/gnuarm-armcortex.instrset/win/bin/../lib/gcc/arm-none-eabi/13.2.1/thumb/v7e-m+fp/hard/crtbegin.o
 .ARM.attributes
                0x00000056       0x34 stm_timer_ll.o
 .ARM.attributes
                0x0000008a       0x34 stm_adc_ll.o
 .ARM.attributes
                0x000000be       0x34 MicroMouseTemplate.o
 .ARM.attributes
                0x000000f2       0x34 MicroMouseTemplate_data.o
 .ARM.attributes
                0x00000126       0x34 ert_main.o
 .ARM.attributes
                0x0000015a       0x34 IMU.o
 .ARM.attributes
                0x0000018e       0x34 CustomWhile.o
 .ARM.attributes
                0x000001c2       0x34 overrideHALDelay.o
 .ARM.attributes
                0x000001f6       0x34 platform_timer.o
 .ARM.attributes
                0x0000022a       0x34 SysTickScheduler.o
 .ARM.attributes
                0x0000025e       0x34 m3m4m4f_multitasking.o
 .ARM.attributes
                0x00000292       0x34 main.o
 .ARM.attributes
                0x000002c6       0x34 gpio.o
 .ARM.attributes
                0x000002fa       0x34 adc.o
 .ARM.attributes
                0x0000032e       0x34 dma.o
 .ARM.attributes
                0x00000362       0x34 i2c.o
 .ARM.attributes
                0x00000396       0x34 tim.o
 .ARM.attributes
                0x000003ca       0x34 usart.o
 .ARM.attributes
                0x000003fe       0x34 usb_device.o
 .ARM.attributes
                0x00000432       0x34 usbd_conf.o
 .ARM.attributes
                0x00000466       0x34 usbd_desc.o
 .ARM.attributes
                0x0000049a       0x34 usbd_cdc_if.o
 .ARM.attributes
                0x000004ce       0x34 stm32l4xx_it.o
 .ARM.attributes
                0x00000502       0x34 stm32l4xx_hal_msp.o
 .ARM.attributes
                0x00000536       0x34 stm32l4xx_hal_timebase_tim.o
 .ARM.attributes
                0x0000056a       0x34 stm32l4xx_ll_utils.o
 .ARM.attributes
                0x0000059e       0x34 stm32l4xx_ll_gpio.o
 .ARM.attributes
                0x000005d2       0x34 stm32l4xx_hal_pcd.o
 .ARM.attributes
                0x00000606       0x34 stm32l4xx_hal_pcd_ex.o
 .ARM.attributes
                0x0000063a       0x34 stm32l4xx_ll_usb.o
 .ARM.attributes
                0x0000066e       0x34 stm32l4xx_hal.o
 .ARM.attributes
                0x000006a2       0x34 stm32l4xx_hal_rcc.o
 .ARM.attributes
                0x000006d6       0x34 stm32l4xx_hal_gpio.o
 .ARM.attributes
                0x0000070a       0x34 stm32l4xx_hal_i2c.o
 .ARM.attributes
                0x0000073e       0x34 stm32l4xx_hal_i2c_ex.o
 .ARM.attributes
                0x00000772       0x34 stm32l4xx_hal_pwr_ex.o
 .ARM.attributes
                0x000007a6       0x34 stm32l4xx_hal_cortex.o
 .ARM.attributes
                0x000007da       0x34 stm32l4xx_ll_adc.o
 .ARM.attributes
                0x0000080e       0x34 stm32l4xx_hal_tim.o
 .ARM.attributes
                0x00000842       0x34 stm32l4xx_hal_tim_ex.o
 .ARM.attributes
                0x00000876       0x34 stm32l4xx_ll_tim.o
 .ARM.attributes
                0x000008aa       0x34 stm32l4xx_ll_usart.o
 .ARM.attributes
                0x000008de       0x34 stm32l4xx_ll_rcc.o
 .ARM.attributes
                0x00000912       0x34 usbd_core.o
 .ARM.attributes
                0x00000946       0x34 usbd_ctlreq.o
 .ARM.attributes
                0x0000097a       0x34 usbd_ioreq.o
 .ARM.attributes
                0x000009ae       0x34 usbd_cdc.o
 .ARM.attributes
                0x000009e2       0x34 system_stm32l4xx.o
 .ARM.attributes
                0x00000a16       0x21 startup_stm32l476vetx.o
 .ARM.attributes
                0x00000a37       0x34 code_profiling_utility_functions.o
 .ARM.attributes
                0x00000a6b       0x34 C:/ProgramData/MATLAB/SupportPackages/R2024b/3P.instrset/gnuarm-armcortex.instrset/win/bin/../lib/gcc/arm-none-eabi/13.2.1/thumb/v7e-m+fp/hard\libm.a(libm_a-w_fmod.o)
 .ARM.attributes
                0x00000a9f       0x34 C:/ProgramData/MATLAB/SupportPackages/R2024b/3P.instrset/gnuarm-armcortex.instrset/win/bin/../lib/gcc/arm-none-eabi/13.2.1/thumb/v7e-m+fp/hard\libm.a(libm_a-s_floor.o)
 .ARM.attributes
                0x00000ad3       0x34 C:/ProgramData/MATLAB/SupportPackages/R2024b/3P.instrset/gnuarm-armcortex.instrset/win/bin/../lib/gcc/arm-none-eabi/13.2.1/thumb/v7e-m+fp/hard\libm.a(libm_a-e_fmod.o)
 .ARM.attributes
                0x00000b07       0x22 C:/ProgramData/MATLAB/SupportPackages/R2024b/3P.instrset/gnuarm-armcortex.instrset/win/bin/../lib/gcc/arm-none-eabi/13.2.1/thumb/v7e-m+fp/hard\libgcc.a(_arm_addsubdf3.o)
 .ARM.attributes
                0x00000b29       0x22 C:/ProgramData/MATLAB/SupportPackages/R2024b/3P.instrset/gnuarm-armcortex.instrset/win/bin/../lib/gcc/arm-none-eabi/13.2.1/thumb/v7e-m+fp/hard\libgcc.a(_arm_muldivdf3.o)
 .ARM.attributes